Archive member included because of file (symbol)

.\CortexM0\ARM_GCC_493\Debug\motor_control.a(cyfitter_cfg.o)
                              .\CortexM0\ARM_GCC_493\Debug\Cm0Start.o (cyfitter_cfg)
.\CortexM0\ARM_GCC_493\Debug\motor_control.a(PWM_1.o)
                              .\CortexM0\ARM_GCC_493\Debug\control.o (PWM_1_WriteCompare)
.\CortexM0\ARM_GCC_493\Debug\motor_control.a(PWM_2.o)
                              .\CortexM0\ARM_GCC_493\Debug\control.o (PWM_2_WriteCompare)
.\CortexM0\ARM_GCC_493\Debug\motor_control.a(Control_Reg_1.o)
                              .\CortexM0\ARM_GCC_493\Debug\control.o (Control_Reg_1_Write)
.\CortexM0\ARM_GCC_493\Debug\motor_control.a(BLE_1.o)
                              .\CortexM0\ARM_GCC_493\Debug\main.o (CyBle_Start)
.\CortexM0\ARM_GCC_493\Debug\motor_control.a(BLE_1_gatt.o)
                              .\CortexM0\ARM_GCC_493\Debug\motor_control.a(BLE_1.o) (cyBle_state)
.\CortexM0\ARM_GCC_493\Debug\motor_control.a(BLE_1_eventHandler.o)
                              .\CortexM0\ARM_GCC_493\Debug\motor_control.a(BLE_1.o) (cyBle_eventHandlerFlag)
.\CortexM0\ARM_GCC_493\Debug\motor_control.a(BLE_1_custom.o)
                              .\CortexM0\ARM_GCC_493\Debug\motor_control.a(BLE_1.o) (CyBle_CustomInit)
.\CortexM0\ARM_GCC_493\Debug\motor_control.a(CyBootAsmGnu.o)
                              .\CortexM0\ARM_GCC_493\Debug\motor_control.a(PWM_1.o) (CyEnterCriticalSection)
.\CortexM0\ARM_GCC_493\Debug\motor_control.a(CyLib.o)
                              .\CortexM0\ARM_GCC_493\Debug\motor_control.a(cyfitter_cfg.o) (CySysClkWriteImoFreq)
.\CortexM0\ARM_GCC_493\Debug\motor_control.a(CyLFClk.o)
                              .\CortexM0\ARM_GCC_493\Debug\motor_control.a(cyfitter_cfg.o) (CySysClkWcoStart)
C:\Program Files (x86)\Cypress\PSoC Creator\3.3\PSoC Creator\psoc\content\cycomponentlibraryupdates\CyComponentLibraryUpdates.cylib\BLE_v2_30\Library\gccCyBLEStack_BLE_SOC_PERIPHERAL.a(CyBle.o)
                              .\CortexM0\ARM_GCC_493\Debug\main.o (CyBle_ProcessEvents)
C:\Program Files (x86)\Cypress\PSoC Creator\3.3\PSoC Creator\psoc\content\cycomponentlibraryupdates\CyComponentLibraryUpdates.cylib\BLE_v2_30\Library\gccCyBLEStack_BLE_SOC_PERIPHERAL.a(CyBleStackMgrIP_Interface.o)
                              C:\Program Files (x86)\Cypress\PSoC Creator\3.3\PSoC Creator\psoc\content\cycomponentlibraryupdates\CyComponentLibraryUpdates.cylib\BLE_v2_30\Library\gccCyBLEStack_BLE_SOC_PERIPHERAL.a(CyBle.o) (CyBleStackMgr_Init)
C:\Program Files (x86)\Cypress\PSoC Creator\3.3\PSoC Creator\psoc\content\cycomponentlibraryupdates\CyComponentLibraryUpdates.cylib\BLE_v2_30\Library\gccCyBLEStack_BLE_SOC_PERIPHERAL.a(BT_os.o)
                              C:\Program Files (x86)\Cypress\PSoC Creator\3.3\PSoC Creator\psoc\content\cycomponentlibraryupdates\CyComponentLibraryUpdates.cylib\BLE_v2_30\Library\gccCyBLEStack_BLE_SOC_PERIPHERAL.a(CyBleStackMgrIP_Interface.o) (cyBleStackMemoryConfig)
C:\Program Files (x86)\Cypress\PSoC Creator\3.3\PSoC Creator\psoc\content\cycomponentlibraryupdates\CyComponentLibraryUpdates.cylib\BLE_v2_30\Library\gccCyBLEStack_BLE_SOC_PERIPHERAL.a(CyBleStackMgr_StackTaskHandler.o)
                              C:\Program Files (x86)\Cypress\PSoC Creator\3.3\PSoC Creator\psoc\content\cycomponentlibraryupdates\CyComponentLibraryUpdates.cylib\BLE_v2_30\Library\gccCyBLEStack_BLE_SOC_PERIPHERAL.a(CyBleStackMgrIP_Interface.o) (CyBle_CreateBleStackTask)
C:\Program Files (x86)\Cypress\PSoC Creator\3.3\PSoC Creator\psoc\content\cycomponentlibraryupdates\CyComponentLibraryUpdates.cylib\BLE_v2_30\Library\gccCyBLEStack_BLE_SOC_PERIPHERAL.a(transport_sf.o)
                              C:\Program Files (x86)\Cypress\PSoC Creator\3.3\PSoC Creator\psoc\content\cycomponentlibraryupdates\CyComponentLibraryUpdates.cylib\BLE_v2_30\Library\gccCyBLEStack_BLE_SOC_PERIPHERAL.a(CyBleStackMgr_StackTaskHandler.o) (hci_soft_transport_notify_data_received)
C:\Program Files (x86)\Cypress\PSoC Creator\3.3\PSoC Creator\psoc\content\cycomponentlibraryupdates\CyComponentLibraryUpdates.cylib\BLE_v2_30\Library\gccCyBLEStack_BLE_SOC_PERIPHERAL.a(CyBleStackMgr_PSoCHal.o)
                              C:\Program Files (x86)\Cypress\PSoC Creator\3.3\PSoC Creator\psoc\content\cycomponentlibraryupdates\CyComponentLibraryUpdates.cylib\BLE_v2_30\Library\gccCyBLEStack_BLE_SOC_PERIPHERAL.a(CyBleStackMgrIP_Interface.o) (CyBleStackMgr_HalInit)
C:\Program Files (x86)\Cypress\PSoC Creator\3.3\PSoC Creator\psoc\content\cycomponentlibraryupdates\CyComponentLibraryUpdates.cylib\BLE_v2_30\Library\gccCyBLEStack_BLE_SOC_PERIPHERAL.a(CyBleStackMgr_BleSSDriver.o)
                              C:\Program Files (x86)\Cypress\PSoC Creator\3.3\PSoC Creator\psoc\content\cycomponentlibraryupdates\CyComponentLibraryUpdates.cylib\BLE_v2_30\Library\gccCyBLEStack_BLE_SOC_PERIPHERAL.a(CyBleStackMgrIP_Interface.o) (CyBleStackMgr_BleSSInit)
[...]
Memory Configuration

Name             Origin             Length             Attributes
rom              0x00000000         0x00020000         xr
ram              0x20000000         0x00004000         xrw
*default*        0x00000000         0xffffffff

Linker script and memory map

LOAD c:/program files (x86)/cypress/psoc creator/3.3/psoc creator/import/gnu/arm/4.9.3/bin/../lib/gcc/arm-none-eabi/4.9.3/armv6-m/crti.o
LOAD c:/program files (x86)/cypress/psoc creator/3.3/psoc creator/import/gnu/arm/4.9.3/bin/../lib/gcc/arm-none-eabi/4.9.3/armv6-m/crtbegin.o
LOAD c:/program files (x86)/cypress/psoc creator/3.3/psoc creator/import/gnu/arm/4.9.3/bin/../lib/gcc/arm-none-eabi/4.9.3/../../../../arm-none-eabi/lib/armv6-m/crt0.o
START GROUP
LOAD .\CortexM0\ARM_GCC_493\Debug\main.o
LOAD .\CortexM0\ARM_GCC_493\Debug\control.o
LOAD .\CortexM0\ARM_GCC_493\Debug\cymetadata.o
LOAD .\CortexM0\ARM_GCC_493\Debug\Cm0Start.o
LOAD .\CortexM0\ARM_GCC_493\Debug\motor_control.a
LOAD C:\Program Files (x86)\Cypress\PSoC Creator\3.3\PSoC Creator\psoc\content\cycomponentlibraryupdates\CyComponentLibraryUpdates.cylib\BLE_v2_30\Library\gccCyBLEStack_BLE_SOC_PERIPHERAL.a
LOAD C:\Program Files (x86)\Cypress\PSoC Creator\3.3\PSoC Creator\psoc\content\cycomponentlibrary\CyComponentLibrary.cylib\CortexM0\ARM_GCC_493\Debug\CyComponentLibrary.a
END GROUP
START GROUP
LOAD c:/program files (x86)/cypress/psoc creator/3.3/psoc creator/import/gnu/arm/4.9.3/bin/../lib/gcc/arm-none-eabi/4.9.3/armv6-m\libgcc.a
LOAD c:/program files (x86)/cypress/psoc creator/3.3/psoc creator/import/gnu/arm/4.9.3/bin/../lib/gcc/arm-none-eabi/4.9.3/../../../../arm-none-eabi/lib/armv6-m\libg_nano.a
LOAD c:/program files (x86)/cypress/psoc creator/3.3/psoc creator/import/gnu/arm/4.9.3/bin/../lib/gcc/arm-none-eabi/4.9.3/../../../../arm-none-eabi/lib/armv6-m\libc_nano.a
END GROUP
START GROUP
LOAD c:/program files (x86)/cypress/psoc creator/3.3/psoc creator/import/gnu/arm/4.9.3/bin/../lib/gcc/arm-none-eabi/4.9.3/armv6-m\libgcc.a
LOAD c:/program files (x86)/cypress/psoc creator/3.3/psoc creator/import/gnu/arm/4.9.3/bin/../lib/gcc/arm-none-eabi/4.9.3/../../../../arm-none-eabi/lib/armv6-m\libc_nano.a
END GROUP
LOAD c:/program files (x86)/cypress/psoc creator/3.3/psoc creator/import/gnu/arm/4.9.3/bin/../lib/gcc/arm-none-eabi/4.9.3/armv6-m/crtend.o
LOAD c:/program files (x86)/cypress/psoc creator/3.3/psoc creator/import/gnu/arm/4.9.3/bin/../lib/gcc/arm-none-eabi/4.9.3/armv6-m/crtn.o
START GROUP
LOAD c:/program files (x86)/cypress/psoc creator/3.3/psoc creator/import/gnu/arm/4.9.3/bin/../lib/gcc/arm-none-eabi/4.9.3/armv6-m\libgcc.a
LOAD c:/program files (x86)/cypress/psoc creator/3.3/psoc creator/import/gnu/arm/4.9.3/bin/../lib/gcc/arm-none-eabi/4.9.3/../../../../arm-none-eabi/lib/armv6-m\libc.a
LOAD c:/program files (x86)/cypress/psoc creator/3.3/psoc creator/import/gnu/arm/4.9.3/bin/../lib/gcc/arm-none-eabi/4.9.3/../../../../arm-none-eabi/lib/armv6-m\libnosys.a
END GROUP
                0x00000000                CY_APPL_ORIGIN = 0x0
                0x00000080                CY_FLASH_ROW_SIZE = 0x80
                0x00000001                CY_APPL_NUM = 0x1
                0x00000001                CY_APPL_MAX = 0x1
                0x00000040                CY_METADATA_SIZE = 0x40
                0x00000000                CY_APPL_LOADABLE = 0x0
                0x00000000                CY_CHECKSUM_EXCLUDE_SIZE = ALIGN (0x0, CY_FLASH_ROW_SIZE)
                0x00000000                CY_APP_FOR_STACK_AND_COPIER = 0x0
                0x20001d80                PROVIDE (__cy_heap_start, _end)
                0x00000001                PROVIDE (__cy_region_num, ((__cy_regions_end - __cy_regions) / 0x10))
                0x20004000                PROVIDE (__cy_stack, (ORIGIN (ram) + 0x4000))
                0x20003c00                PROVIDE (__cy_heap_end, (__cy_stack - 0x400))

.cybootloader   0x00000000        0x0
 *(.cybootloader)
                0x00000000                appl1_start = CY_APPL_ORIGIN?CY_APPL_ORIGIN:ALIGN (CY_FLASH_ROW_SIZE)
                0x0000ff80                appl2_start = (appl1_start + ALIGN ((((0x20000 - appl1_start) - (0x2 * CY_FLASH_ROW_SIZE)) / 0x2), CY_FLASH_ROW_SIZE))
                0x00000000                appl_start = (CY_APPL_NUM == 0x1)?appl1_start:appl2_start
                0x00000001                cy_project_type_bootloader = (appl_start == 0x0)?0x1:0x0
                0x00000000                cy_project_type_app_for_stack_and_copier = (CY_APP_FOR_STACK_AND_COPIER == 0x1)?0x1:0x0

.text           0x00000000     0x1118
 CREATE_OBJECT_SYMBOLS
                0x00000000                PROVIDE (__cy_interrupt_vector, RomVectors)
 *(.romvectors)
 .romvectors    0x00000000       0x10 .\CortexM0\ARM_GCC_493\Debug\Cm0Start.o
                0x00000000                RomVectors
                0x00000001                ASSERT ((. != __cy_interrupt_vector), No interrupt vector)
                0x00000001                ASSERT (CY_APPL_ORIGIN?(SIZEOF (.cybootloader) <= CY_APPL_ORIGIN):0x1, Wrong image location)
                0x00000010                PROVIDE (__cy_reset, Reset)
 *(.text.Reset)
 .text.Reset    0x00000010        0x8 .\CortexM0\ARM_GCC_493\Debug\Cm0Start.o
                0x00000010                Reset
                0x00000001                ASSERT ((. != __cy_reset), No reset code)
 *(.psocinit)
 .psocinit      0x00000018      0x1a0 .\CortexM0\ARM_GCC_493\Debug\motor_control.a(cyfitter_cfg.o)
                0x000000c8                cyfitter_cfg
                0x000001b8                . = MAX (., 0x100)
 *(.text .text.* .gnu.linkonce.t.*)
 .text          0x000001b8       0x60 c:/program files (x86)/cypress/psoc creator/3.3/psoc creator/import/gnu/arm/4.9.3/bin/../lib/gcc/arm-none-eabi/4.9.3/armv6-m/crtbegin.o
 .text.StackEventHandler
                0x00000218       0x3c .\CortexM0\ARM_GCC_493\Debug\main.o
                0x00000218                StackEventHandler
 .text.main     0x00000254       0x18 .\CortexM0\ARM_GCC_493\Debug\main.o
                0x00000254                main
 .text.control_drive_1A
                0x0000026c       0x20 .\CortexM0\ARM_GCC_493\Debug\control.o
                0x0000026c                control_drive_1A
 .text.control_drive_1B
                0x0000028c       0x20 .\CortexM0\ARM_GCC_493\Debug\control.o
                0x0000028c                control_drive_1B
 .text.control_stop_1
                0x000002ac       0x18 .\CortexM0\ARM_GCC_493\Debug\control.o
                0x000002ac                control_stop_1
 .text.control_drive_2A
                0x000002c4       0x1c .\CortexM0\ARM_GCC_493\Debug\control.o
                0x000002c4                control_drive_2A
 .text.control_drive_2B
                0x000002e0       0x1c .\CortexM0\ARM_GCC_493\Debug\control.o
                0x000002e0                control_drive_2B
 .text.control_stop_2
                0x000002fc       0x18 .\CortexM0\ARM_GCC_493\Debug\control.o
                0x000002fc                control_stop_2
 .text.control_init
                0x00000314        0xc .\CortexM0\ARM_GCC_493\Debug\control.o
                0x00000314                control_init
 .text.control_stop
                0x00000320        0xc .\CortexM0\ARM_GCC_493\Debug\control.o
                0x00000320                control_stop
 .text.control_update
                0x0000032c       0x3c .\CortexM0\ARM_GCC_493\Debug\control.o
                0x0000032c                control_update
 .text.IntDefaultHandler
                0x00000368        0x4 .\CortexM0\ARM_GCC_493\Debug\Cm0Start.o
                0x00000368                IntDefaultHandler
 .text.Start_c  0x0000036c       0x48 .\CortexM0\ARM_GCC_493\Debug\Cm0Start.o
                0x0000036c                Start_c
 .text.initialize_psoc
                0x000003b4       0x54 .\CortexM0\ARM_GCC_493\Debug\Cm0Start.o
                0x000003b4                initialize_psoc
 .text.cfg_write_bytes32
                0x00000408       0x34 .\CortexM0\ARM_GCC_493\Debug\motor_control.a(cyfitter_cfg.o)
 .text.AnalogSetDefault
                0x0000043c       0x20 .\CortexM0\ARM_GCC_493\Debug\motor_control.a(cyfitter_cfg.o)
 .text.CYMEMZERO
                0x0000045c        0xc .\CortexM0\ARM_GCC_493\Debug\motor_control.a(cyfitter_cfg.o)
 .text.PWM_1_WriteCounter
                0x00000468       0x10 .\CortexM0\ARM_GCC_493\Debug\motor_control.a(PWM_1.o)
                0x00000468                PWM_1_WriteCounter
 .text.PWM_1_WritePeriod
                0x00000478       0x10 .\CortexM0\ARM_GCC_493\Debug\motor_control.a(PWM_1.o)
                0x00000478                PWM_1_WritePeriod
 .text.PWM_1_WriteCompare
                0x00000488       0x10 .\CortexM0\ARM_GCC_493\Debug\motor_control.a(PWM_1.o)
                0x00000488                PWM_1_WriteCompare
 .text.PWM_1_TriggerCommand
                0x00000498       0x1c .\CortexM0\ARM_GCC_493\Debug\motor_control.a(PWM_1.o)
                0x00000498                PWM_1_TriggerCommand
 .text.PWM_1_Enable
                0x000004b4       0x24 .\CortexM0\ARM_GCC_493\Debug\motor_control.a(PWM_1.o)
                0x000004b4                PWM_1_Enable
 .text.PWM_1_SetInterruptMode
                0x000004d8        0xc .\CortexM0\ARM_GCC_493\Debug\motor_control.a(PWM_1.o)
                0x000004d8                PWM_1_SetInterruptMode
 .text.PWM_1_Init
                0x000004e4       0x44 .\CortexM0\ARM_GCC_493\Debug\motor_control.a(PWM_1.o)
                0x000004e4                PWM_1_Init
 .text.PWM_1_Start
                0x00000528       0x20 .\CortexM0\ARM_GCC_493\Debug\motor_control.a(PWM_1.o)
                0x00000528                PWM_1_Start
 .text.PWM_2_WriteCounter
                0x00000548       0x10 .\CortexM0\ARM_GCC_493\Debug\motor_control.a(PWM_2.o)
                0x00000548                PWM_2_WriteCounter
 .text.PWM_2_WritePeriod
                0x00000558       0x10 .\CortexM0\ARM_GCC_493\Debug\motor_control.a(PWM_2.o)
                0x00000558                PWM_2_WritePeriod
 .text.PWM_2_WriteCompare
                0x00000568       0x10 .\CortexM0\ARM_GCC_493\Debug\motor_control.a(PWM_2.o)
                0x00000568                PWM_2_WriteCompare
 .text.PWM_2_TriggerCommand
                0x00000578       0x1c .\CortexM0\ARM_GCC_493\Debug\motor_control.a(PWM_2.o)
                0x00000578                PWM_2_TriggerCommand
 .text.PWM_2_Enable
                0x00000594       0x24 .\CortexM0\ARM_GCC_493\Debug\motor_control.a(PWM_2.o)
                0x00000594                PWM_2_Enable
 .text.PWM_2_SetInterruptMode
                0x000005b8        0xc .\CortexM0\ARM_GCC_493\Debug\motor_control.a(PWM_2.o)
                0x000005b8                PWM_2_SetInterruptMode
 .text.PWM_2_Init
                0x000005c4       0x44 .\CortexM0\ARM_GCC_493\Debug\motor_control.a(PWM_2.o)
                0x000005c4                PWM_2_Init
 .text.PWM_2_Start
                0x00000608       0x20 .\CortexM0\ARM_GCC_493\Debug\motor_control.a(PWM_2.o)
                0x00000608                PWM_2_Start
 .text.Control_Reg_1_Write
                0x00000628        0xc .\CortexM0\ARM_GCC_493\Debug\motor_control.a(Control_Reg_1.o)
                0x00000628                Control_Reg_1_Write
 .text.Control_Reg_1_Read
                0x00000634        0xc .\CortexM0\ARM_GCC_493\Debug\motor_control.a(Control_Reg_1.o)
                0x00000634                Control_Reg_1_Read
 .text.CyBle_ServiceInit
                0x00000640        0x8 .\CortexM0\ARM_GCC_493\Debug\motor_control.a(BLE_1.o)
                0x00000640                CyBle_ServiceInit
 .text.CyBle_Init
                0x00000648       0x24 .\CortexM0\ARM_GCC_493\Debug\motor_control.a(BLE_1.o)
                0x00000648                CyBle_Init
 .text.CyBle_Start
                0x0000066c       0x84 .\CortexM0\ARM_GCC_493\Debug\motor_control.a(BLE_1.o)
                0x0000066c                CyBle_Start
 .text.CyBle_GappStartAdvertisement
                0x000006f0       0x8c .\CortexM0\ARM_GCC_493\Debug\motor_control.a(BLE_1.o)
                0x000006f0                CyBle_GappStartAdvertisement
 .text.CyBle_ChangeAdDeviceAddress
                0x0000077c        0x4 .\CortexM0\ARM_GCC_493\Debug\motor_control.a(BLE_1.o)
                0x0000077c                CyBle_ChangeAdDeviceAddress
 .text.CyBle_Get16ByPtr
                0x00000780        0xc .\CortexM0\ARM_GCC_493\Debug\motor_control.a(BLE_1.o)
                0x00000780                CyBle_Get16ByPtr
 .text.CyBle_GattsWriteEventHandler
                0x0000078c       0x58 .\CortexM0\ARM_GCC_493\Debug\motor_control.a(BLE_1_gatt.o)
                0x0000078c                CyBle_GattsWriteEventHandler
 .text.CyBle_GattDisconnectEventHandler
                0x000007e4       0x10 .\CortexM0\ARM_GCC_493\Debug\motor_control.a(BLE_1_eventHandler.o)
 .text.CyBle_IsDeviceAddressValid
                0x000007f4       0x24 .\CortexM0\ARM_GCC_493\Debug\motor_control.a(BLE_1_eventHandler.o)
 .text.CyBle_WriteReqHandler
                0x00000818       0x38 .\CortexM0\ARM_GCC_493\Debug\motor_control.a(BLE_1_eventHandler.o)
 .text.CyBle_EventHandler
                0x00000850      0x1c0 .\CortexM0\ARM_GCC_493\Debug\motor_control.a(BLE_1_eventHandler.o)
                0x00000850                CyBle_EventHandler
 .text.CyBle_CustomInit
                0x00000a10        0x4 .\CortexM0\ARM_GCC_493\Debug\motor_control.a(BLE_1_custom.o)
                0x00000a10                CyBle_CustomInit
 *fill*         0x00000a14        0x4 
 .text          0x00000a18       0x20 .\CortexM0\ARM_GCC_493\Debug\motor_control.a(CyBootAsmGnu.o)
                0x00000a18                CyDelayCycles
                0x00000a2a                CyEnterCriticalSection
                0x00000a32                CyExitCriticalSection
 .text.CySysClkWriteImoFreq
                0x00000a38       0x64 .\CortexM0\ARM_GCC_493\Debug\motor_control.a(CyLib.o)
                0x00000a38                CySysClkWriteImoFreq
 .text.CySysClkEcoReadStatus
                0x00000a9c       0x10 .\CortexM0\ARM_GCC_493\Debug\motor_control.a(CyLib.o)
                0x00000a9c                CySysClkEcoReadStatus
 .text.CyHalt   0x00000aac        0x4 .\CortexM0\ARM_GCC_493\Debug\motor_control.a(CyLib.o)
                0x00000aac                CyHalt
 .text.CyDelayUs
                0x00000ab0       0x14 .\CortexM0\ARM_GCC_493\Debug\motor_control.a(CyLib.o)
                0x00000ab0                CyDelayUs
 .text.CySysClkEcoStart
                0x00000ac4       0x54 .\CortexM0\ARM_GCC_493\Debug\motor_control.a(CyLib.o)
                0x00000ac4                CySysClkEcoStart
 .text.CySysClkWcoStart
                0x00000b18       0x40 .\CortexM0\ARM_GCC_493\Debug\motor_control.a(CyLFClk.o)
                0x00000b18                CySysClkWcoStart
 .text.CySysClkWcoSetPowerMode
                0x00000b58       0x80 .\CortexM0\ARM_GCC_493\Debug\motor_control.a(CyLFClk.o)
                0x00000b58                CySysClkWcoSetPowerMode
 .text.CyBLE_Bless_LlRegWrite
                0x00000bd8        0x4 .\CortexM0\ARM_GCC_493\Debug\motor_control.a(BLE_1_HAL_PVT.o)
                0x00000bd8                CyBLE_Bless_LlRegWrite
 .text.CyBLE_Bless_RfRegWrite
                0x00000bdc        0x4 .\CortexM0\ARM_GCC_493\Debug\motor_control.a(BLE_1_HAL_PVT.o)
                0x00000bdc                CyBLE_Bless_RfRegWrite
 .text.CyBLE_BlessDeviceConfig
                0x00000be0       0xdc .\CortexM0\ARM_GCC_493\Debug\motor_control.a(BLE_1_HAL_PVT.o)
                0x00000be0                CyBLE_BlessDeviceConfig
 .text.CyBleHal_DelayUs
                0x00000cbc        0x8 .\CortexM0\ARM_GCC_493\Debug\motor_control.a(BLE_1_HAL_PVT.o)
                0x00000cbc                CyBleHal_DelayUs
 .text.CyBleHal_EnableGlobalInterrupts
                0x00000cc4        0x8 .\CortexM0\ARM_GCC_493\Debug\motor_control.a(BLE_1_HAL_PVT.o)
                0x00000cc4                CyBleHal_EnableGlobalInterrupts
 .text.CyBleHal_DisableGlobalInterrupts
                0x00000ccc        0x8 .\CortexM0\ARM_GCC_493\Debug\motor_control.a(BLE_1_HAL_PVT.o)
                0x00000ccc                CyBleHal_DisableGlobalInterrupts
 .text.CyBle_HalInit
                0x00000cd4       0x18 .\CortexM0\ARM_GCC_493\Debug\motor_control.a(BLE_1_HAL_PVT.o)
                0x00000cd4                CyBle_HalInit
 .text.CYBLE_BlessStart
                0x00000cec       0x10 .\CortexM0\ARM_GCC_493\Debug\motor_control.a(BLE_1_HAL_PVT.o)
                0x00000cec                CYBLE_BlessStart
 .text.BLE_1_bless_isr_SetVector
                0x00000cfc        0xc .\CortexM0\ARM_GCC_493\Debug\motor_control.a(BLE_1_bless_isr.o)
                0x00000cfc                BLE_1_bless_isr_SetVector
 .text.BLE_1_bless_isr_SetPriority
                0x00000d08       0x20 .\CortexM0\ARM_GCC_493\Debug\motor_control.a(BLE_1_bless_isr.o)
                0x00000d08                BLE_1_bless_isr_SetPriority
 .text.BLE_1_bless_isr_Enable
                0x00000d28       0x10 .\CortexM0\ARM_GCC_493\Debug\motor_control.a(BLE_1_bless_isr.o)
                0x00000d28                BLE_1_bless_isr_Enable
 .text.BLE_1_bless_isr_Disable
                0x00000d38       0x10 .\CortexM0\ARM_GCC_493\Debug\motor_control.a(BLE_1_bless_isr.o)
                0x00000d38                BLE_1_bless_isr_Disable
 .text.BLE_1_bless_isr_StartEx
                0x00000d48       0x1c .\CortexM0\ARM_GCC_493\Debug\motor_control.a(BLE_1_bless_isr.o)
                0x00000d48                BLE_1_bless_isr_StartEx
 .text.CySysPmSleep
                0x00000d64       0x1c .\CortexM0\ARM_GCC_493\Debug\motor_control.a(cyPm.o)
                0x00000d64                CySysPmSleep
 .text.CyBLE_Bless_Interrupt
                0x00000d80        0x8 .\CortexM0\ARM_GCC_493\Debug\motor_control.a(BLE_1_HAL_INT.o)
                0x00000d80                CyBLE_Bless_Interrupt
 .text          0x00000d88      0x120 c:/program files (x86)/cypress/psoc creator/3.3/psoc creator/import/gnu/arm/4.9.3/bin/../lib/gcc/arm-none-eabi/4.9.3/armv6-m\libgcc.a(_udivsi3.o)
                0x00000d88                __aeabi_uidiv
                0x00000d88                __udivsi3
                0x00000e94                __aeabi_uidivmod
 .text          0x00000ea8      0x1e0 c:/program files (x86)/cypress/psoc creator/3.3/psoc creator/import/gnu/arm/4.9.3/bin/../lib/gcc/arm-none-eabi/4.9.3/armv6-m\libgcc.a(_divsi3.o)
                0x00000ea8                __divsi3
                0x00000ea8                __aeabi_idiv
                0x00001074                __aeabi_idivmod
 .text          0x00001088        0x4 c:/program files (x86)/cypress/psoc creator/3.3/psoc creator/import/gnu/arm/4.9.3/bin/../lib/gcc/arm-none-eabi/4.9.3/armv6-m\libgcc.a(_dvmd_tls.o)
                0x00001088                __aeabi_idiv0
                0x00001088                __aeabi_ldiv0
 .text.__libc_init_array
                0x0000108c       0x4c c:/program files (x86)/cypress/psoc creator/3.3/psoc creator/import/gnu/arm/4.9.3/bin/../lib/gcc/arm-none-eabi/4.9.3/../../../../arm-none-eabi/lib/armv6-m\libg_nano.a(lib_a-init.o)
                0x0000108c                __libc_init_array
 .text.memcmp   0x000010d8       0x1e c:/program files (x86)/cypress/psoc creator/3.3/psoc creator/import/gnu/arm/4.9.3/bin/../lib/gcc/arm-none-eabi/4.9.3/../../../../arm-none-eabi/lib/armv6-m\libg_nano.a(lib_a-memcmp.o)
                0x000010d8                memcmp
 .text.memcpy   0x000010f6       0x12 c:/program files (x86)/cypress/psoc creator/3.3/psoc creator/import/gnu/arm/4.9.3/bin/../lib/gcc/arm-none-eabi/4.9.3/../../../../arm-none-eabi/lib/armv6-m\libg_nano.a(lib_a-memcpy.o)
                0x000010f6                memcpy
 .text.memset   0x00001108       0x10 c:/program files (x86)/cypress/psoc creator/3.3/psoc creator/import/gnu/arm/4.9.3/bin/../lib/gcc/arm-none-eabi/4.9.3/../../../../arm-none-eabi/lib/armv6-m\libg_nano.a(lib_a-memset.o)
                0x00001108                memset
 *(.plt)
 *(.gnu.warning)
 *(.glue_7t)
 .glue_7t       0x00000000        0x0 linker stubs
 *(.glue_7)
 .glue_7        0x00000000        0x0 linker stubs
 *(.vfp11_veneer)
 .vfp11_veneer  0x00000000        0x0 linker stubs
 *(.bootloader)
 *(.ARM.extab* .gnu.linkonce.armextab.*)
 *(.gcc_except_table)

.v4_bx          0x00001118        0x0
 .v4_bx         0x00000000        0x0 linker stubs

.iplt           0x00001118        0x0
 .iplt          0x00000000        0x0 c:/program files (x86)/cypress/psoc creator/3.3/psoc creator/import/gnu/arm/4.9.3/bin/../lib/gcc/arm-none-eabi/4.9.3/armv6-m/crtbegin.o

i.CyBle_ExitLPM
                0x00001118        0x8
 i.CyBle_ExitLPM
                0x00001118        0x8 C:\Program Files (x86)\Cypress\PSoC Creator\3.3\PSoC Creator\psoc\content\cycomponentlibraryupdates\CyComponentLibraryUpdates.cylib\BLE_v2_30\Library\gccCyBLEStack_BLE_SOC_PERIPHERAL.a(CyBle.o)
                0x00001118                CyBle_ExitLPM

i.CyBle_ProcessEvents
                0x00001120        0x8
 i.CyBle_ProcessEvents
                0x00001120        0x8 C:\Program Files (x86)\Cypress\PSoC Creator\3.3\PSoC Creator\psoc\content\cycomponentlibraryupdates\CyComponentLibraryUpdates.cylib\BLE_v2_30\Library\gccCyBLEStack_BLE_SOC_PERIPHERAL.a(CyBle.o)
                0x00001120                CyBle_ProcessEvents

i.CyBle_SetDeviceAddress
                0x00001128       0x24
 i.CyBle_SetDeviceAddress
                0x00001128       0x24 C:\Program Files (x86)\Cypress\PSoC Creator\3.3\PSoC Creator\psoc\content\cycomponentlibraryupdates\CyComponentLibraryUpdates.cylib\BLE_v2_30\Library\gccCyBLEStack_BLE_SOC_PERIPHERAL.a(CyBle.o)
                0x00001128                CyBle_SetDeviceAddress

i.CyBle_StackInit
                0x0000114c       0xfc
 i.CyBle_StackInit
                0x0000114c       0xfc C:\Program Files (x86)\Cypress\PSoC Creator\3.3\PSoC Creator\psoc\content\cycomponentlibraryupdates\CyComponentLibraryUpdates.cylib\BLE_v2_30\Library\gccCyBLEStack_BLE_SOC_PERIPHERAL.a(CyBle.o)
                0x0000114c                CyBle_StackInit

i.CyBle_StackValidateInputParams
                0x00001248       0xf4
 i.CyBle_StackValidateInputParams
                0x00001248       0xf4 C:\Program Files (x86)\Cypress\PSoC Creator\3.3\PSoC Creator\psoc\content\cycomponentlibraryupdates\CyComponentLibraryUpdates.cylib\BLE_v2_30\Library\gccCyBLEStack_BLE_SOC_PERIPHERAL.a(CyBle.o)

i.__ARM_common_switch8
                0x0000133c       0x1a
 i.__ARM_common_switch8
                0x0000133c       0x1a C:\Program Files (x86)\Cypress\PSoC Creator\3.3\PSoC Creator\psoc\content\cycomponentlibraryupdates\CyComponentLibraryUpdates.cylib\BLE_v2_30\Library\gccCyBLEStack_BLE_SOC_PERIPHERAL.a(CyBle.o)
                0x0000133c                __ARM_common_switch8

i.CyBleStackMgr_Init
                0x00001358       0x9c
 i.CyBleStackMgr_Init
                0x00001358       0x9c C:\Program Files (x86)\Cypress\PSoC Creator\3.3\PSoC Creator\psoc\content\cycomponentlibraryupdates\CyComponentLibraryUpdates.cylib\BLE_v2_30\Library\gccCyBLEStack_BLE_SOC_PERIPHERAL.a(CyBleStackMgrIP_Interface.o)
                0x00001358                CyBleStackMgr_Init

i.CyBleStackMgr_ProcessBleEvents
                0x000013f4       0x14
 i.CyBleStackMgr_ProcessBleEvents
                0x000013f4       0x14 C:\Program Files (x86)\Cypress\PSoC Creator\3.3\PSoC Creator\psoc\content\cycomponentlibraryupdates\CyComponentLibraryUpdates.cylib\BLE_v2_30\Library\gccCyBLEStack_BLE_SOC_PERIPHERAL.a(CyBleStackMgrIP_Interface.o)
                0x000013f4                CyBleStackMgr_ProcessBleEvents

i.CyBle_GetHeapMemory
                0x00001408       0x28
 i.CyBle_GetHeapMemory
                0x00001408       0x28 C:\Program Files (x86)\Cypress\PSoC Creator\3.3\PSoC Creator\psoc\content\cycomponentlibraryupdates\CyComponentLibraryUpdates.cylib\BLE_v2_30\Library\gccCyBLEStack_BLE_SOC_PERIPHERAL.a(CyBleStackMgrIP_Interface.o)
                0x00001408                CyBle_GetHeapMemory

i.CyBle_GetNumAppBufferPools
                0x00001430        0xc
 i.CyBle_GetNumAppBufferPools
                0x00001430        0xc C:\Program Files (x86)\Cypress\PSoC Creator\3.3\PSoC Creator\psoc\content\cycomponentlibraryupdates\CyComponentLibraryUpdates.cylib\BLE_v2_30\Library\gccCyBLEStack_BLE_SOC_PERIPHERAL.a(CyBleStackMgrIP_Interface.o)
                0x00001430                CyBle_GetNumAppBufferPools

i.CyBle_HostStackBufferPoolInit
                0x0000143c       0xec
 i.CyBle_HostStackBufferPoolInit
                0x0000143c       0xec C:\Program Files (x86)\Cypress\PSoC Creator\3.3\PSoC Creator\psoc\content\cycomponentlibraryupdates\CyComponentLibraryUpdates.cylib\BLE_v2_30\Library\gccCyBLEStack_BLE_SOC_PERIPHERAL.a(CyBleStackMgrIP_Interface.o)

i.ble_stack_idle_task_callback
                0x00001528        0x2
 i.ble_stack_idle_task_callback
                0x00001528        0x2 C:\Program Files (x86)\Cypress\PSoC Creator\3.3\PSoC Creator\psoc\content\cycomponentlibraryupdates\CyComponentLibraryUpdates.cylib\BLE_v2_30\Library\gccCyBLEStack_BLE_SOC_PERIPHERAL.a(CyBleStackMgrIP_Interface.o)
                0x00001528                ble_stack_idle_task_callback

i.BT_OSFreeBuf  0x0000152c       0x20
 i.BT_OSFreeBuf
                0x0000152c       0x20 C:\Program Files (x86)\Cypress\PSoC Creator\3.3\PSoC Creator\psoc\content\cycomponentlibraryupdates\CyComponentLibraryUpdates.cylib\BLE_v2_30\Library\gccCyBLEStack_BLE_SOC_PERIPHERAL.a(BT_os.o)
                0x0000152c                BT_OSFreeBuf

i.BT_OSGetBuF   0x0000154c       0x34
 i.BT_OSGetBuF  0x0000154c       0x34 C:\Program Files (x86)\Cypress\PSoC Creator\3.3\PSoC Creator\psoc\content\cycomponentlibraryupdates\CyComponentLibraryUpdates.cylib\BLE_v2_30\Library\gccCyBLEStack_BLE_SOC_PERIPHERAL.a(BT_os.o)
                0x0000154c                BT_OSGetBuF

i.BT_OSMemCreate
                0x00001580       0x3c
 i.BT_OSMemCreate
                0x00001580       0x3c C:\Program Files (x86)\Cypress\PSoC Creator\3.3\PSoC Creator\psoc\content\cycomponentlibraryupdates\CyComponentLibraryUpdates.cylib\BLE_v2_30\Library\gccCyBLEStack_BLE_SOC_PERIPHERAL.a(BT_os.o)
                0x00001580                BT_OSMemCreate

i.BT_alloc_mem_ext
                0x000015bc       0x3c
 i.BT_alloc_mem_ext
                0x000015bc       0x3c C:\Program Files (x86)\Cypress\PSoC Creator\3.3\PSoC Creator\psoc\content\cycomponentlibraryupdates\CyComponentLibraryUpdates.cylib\BLE_v2_30\Library\gccCyBLEStack_BLE_SOC_PERIPHERAL.a(BT_os.o)
                0x000015bc                BT_alloc_mem_ext

i.BT_free_mem   0x000015f8        0xc
 i.BT_free_mem  0x000015f8        0xc C:\Program Files (x86)\Cypress\PSoC Creator\3.3\PSoC Creator\psoc\content\cycomponentlibraryupdates\CyComponentLibraryUpdates.cylib\BLE_v2_30\Library\gccCyBLEStack_BLE_SOC_PERIPHERAL.a(BT_os.o)
                0x000015f8                BT_free_mem

i.bt_stack_create_buffer_pool
                0x00001604       0x30
 i.bt_stack_create_buffer_pool
                0x00001604       0x30 C:\Program Files (x86)\Cypress\PSoC Creator\3.3\PSoC Creator\psoc\content\cycomponentlibraryupdates\CyComponentLibraryUpdates.cylib\BLE_v2_30\Library\gccCyBLEStack_BLE_SOC_PERIPHERAL.a(BT_os.o)
                0x00001604                bt_stack_create_buffer_pool

i.CyBle_CheckBleStackTaskStatus
                0x00001634        0x4
 i.CyBle_CheckBleStackTaskStatus
                0x00001634        0x4 C:\Program Files (x86)\Cypress\PSoC Creator\3.3\PSoC Creator\psoc\content\cycomponentlibraryupdates\CyComponentLibraryUpdates.cylib\BLE_v2_30\Library\gccCyBLEStack_BLE_SOC_PERIPHERAL.a(CyBleStackMgr_StackTaskHandler.o)
                0x00001634                CyBle_CheckBleStackTaskStatus

i.CyBle_CreateBleStackTask
                0x00001638       0x2c
 i.CyBle_CreateBleStackTask
                0x00001638       0x2c C:\Program Files (x86)\Cypress\PSoC Creator\3.3\PSoC Creator\psoc\content\cycomponentlibraryupdates\CyComponentLibraryUpdates.cylib\BLE_v2_30\Library\gccCyBLEStack_BLE_SOC_PERIPHERAL.a(CyBleStackMgr_StackTaskHandler.o)
                0x00001638                CyBle_CreateBleStackTask

i.CyBle_SignalBleStackTask
                0x00001664       0x50
 i.CyBle_SignalBleStackTask
                0x00001664       0x50 C:\Program Files (x86)\Cypress\PSoC Creator\3.3\PSoC Creator\psoc\content\cycomponentlibraryupdates\CyComponentLibraryUpdates.cylib\BLE_v2_30\Library\gccCyBLEStack_BLE_SOC_PERIPHERAL.a(CyBleStackMgr_StackTaskHandler.o)
                0x00001664                CyBle_SignalBleStackTask

i.CyBle_StackTaskHandler
                0x000016b4       0x5c
 i.CyBle_StackTaskHandler
                0x000016b4       0x5c C:\Program Files (x86)\Cypress\PSoC Creator\3.3\PSoC Creator\psoc\content\cycomponentlibraryupdates\CyComponentLibraryUpdates.cylib\BLE_v2_30\Library\gccCyBLEStack_BLE_SOC_PERIPHERAL.a(CyBleStackMgr_StackTaskHandler.o)
                0x000016b4                CyBle_StackTaskHandler

i.hci_soft_transport_notify_data_received
                0x00001710        0xc
 i.hci_soft_transport_notify_data_received
                0x00001710        0xc C:\Program Files (x86)\Cypress\PSoC Creator\3.3\PSoC Creator\psoc\content\cycomponentlibraryupdates\CyComponentLibraryUpdates.cylib\BLE_v2_30\Library\gccCyBLEStack_BLE_SOC_PERIPHERAL.a(transport_sf.o)
                0x00001710                hci_soft_transport_notify_data_received

i.hci_soft_transport_rx_data
                0x0000171c       0x40
 i.hci_soft_transport_rx_data
                0x0000171c       0x40 C:\Program Files (x86)\Cypress\PSoC Creator\3.3\PSoC Creator\psoc\content\cycomponentlibraryupdates\CyComponentLibraryUpdates.cylib\BLE_v2_30\Library\gccCyBLEStack_BLE_SOC_PERIPHERAL.a(transport_sf.o)
                0x0000171c                hci_soft_transport_rx_data

i.hci_transport_bt_init
                0x0000175c        0x2
 i.hci_transport_bt_init
                0x0000175c        0x2 C:\Program Files (x86)\Cypress\PSoC Creator\3.3\PSoC Creator\psoc\content\cycomponentlibraryupdates\CyComponentLibraryUpdates.cylib\BLE_v2_30\Library\gccCyBLEStack_BLE_SOC_PERIPHERAL.a(transport_sf.o)
                0x0000175c                hci_transport_bt_init

i.hci_transport_init
                0x00001760       0x10
 i.hci_transport_init
                0x00001760       0x10 C:\Program Files (x86)\Cypress\PSoC Creator\3.3\PSoC Creator\psoc\content\cycomponentlibraryupdates\CyComponentLibraryUpdates.cylib\BLE_v2_30\Library\gccCyBLEStack_BLE_SOC_PERIPHERAL.a(transport_sf.o)
                0x00001760                hci_transport_init

i.hci_transport_write_data
                0x00001770       0xd4
 i.hci_transport_write_data
                0x00001770       0xd4 C:\Program Files (x86)\Cypress\PSoC Creator\3.3\PSoC Creator\psoc\content\cycomponentlibraryupdates\CyComponentLibraryUpdates.cylib\BLE_v2_30\Library\gccCyBLEStack_BLE_SOC_PERIPHERAL.a(transport_sf.o)
                0x00001770                hci_transport_write_data

i.pf_hci_soft_transport_write
                0x00001844       0x44
 i.pf_hci_soft_transport_write
                0x00001844       0x44 C:\Program Files (x86)\Cypress\PSoC Creator\3.3\PSoC Creator\psoc\content\cycomponentlibraryupdates\CyComponentLibraryUpdates.cylib\BLE_v2_30\Library\gccCyBLEStack_BLE_SOC_PERIPHERAL.a(transport_sf.o)
                0x00001844                pf_hci_soft_transport_write

i.pf_soft_hci_transport_init
                0x00001888        0xc
 i.pf_soft_hci_transport_init
                0x00001888        0xc C:\Program Files (x86)\Cypress\PSoC Creator\3.3\PSoC Creator\psoc\content\cycomponentlibraryupdates\CyComponentLibraryUpdates.cylib\BLE_v2_30\Library\gccCyBLEStack_BLE_SOC_PERIPHERAL.a(transport_sf.o)
                0x00001888                pf_soft_hci_transport_init

i.CyBleStackMgr_GetTime
                0x00001894       0x14
 i.CyBleStackMgr_GetTime
                0x00001894       0x14 C:\Program Files (x86)\Cypress\PSoC Creator\3.3\PSoC Creator\psoc\content\cycomponentlibraryupdates\CyComponentLibraryUpdates.cylib\BLE_v2_30\Library\gccCyBLEStack_BLE_SOC_PERIPHERAL.a(CyBleStackMgr_PSoCHal.o)
                0x00001894                CyBleStackMgr_GetTime

i.CyBleStackMgr_HalInit
                0x000018a8       0x24
 i.CyBleStackMgr_HalInit
                0x000018a8       0x24 C:\Program Files (x86)\Cypress\PSoC Creator\3.3\PSoC Creator\psoc\content\cycomponentlibraryupdates\CyComponentLibraryUpdates.cylib\BLE_v2_30\Library\gccCyBLEStack_BLE_SOC_PERIPHERAL.a(CyBleStackMgr_PSoCHal.o)
                0x000018a8                CyBleStackMgr_HalInit

i.CyBleStackMgr_HalIntrEnable
                0x000018cc        0x8
 i.CyBleStackMgr_HalIntrEnable
                0x000018cc        0x8 C:\Program Files (x86)\Cypress\PSoC Creator\3.3\PSoC Creator\psoc\content\cycomponentlibraryupdates\CyComponentLibraryUpdates.cylib\BLE_v2_30\Library\gccCyBLEStack_BLE_SOC_PERIPHERAL.a(CyBleStackMgr_PSoCHal.o)
                0x000018cc                CyBleStackMgr_HalIntrEnable

i.CyBleStackMgr_HandleLinkLayerTick
                0x000018d4       0x5c
 i.CyBleStackMgr_HandleLinkLayerTick
                0x000018d4       0x5c C:\Program Files (x86)\Cypress\PSoC Creator\3.3\PSoC Creator\psoc\content\cycomponentlibraryupdates\CyComponentLibraryUpdates.cylib\BLE_v2_30\Library\gccCyBLEStack_BLE_SOC_PERIPHERAL.a(CyBleStackMgr_PSoCHal.o)
                0x000018d4                CyBleStackMgr_HandleLinkLayerTick

i.CyBleStackMgr_HciPortInit
                0x00001930        0xc
 i.CyBleStackMgr_HciPortInit
                0x00001930        0xc C:\Program Files (x86)\Cypress\PSoC Creator\3.3\PSoC Creator\psoc\content\cycomponentlibraryupdates\CyComponentLibraryUpdates.cylib\BLE_v2_30\Library\gccCyBLEStack_BLE_SOC_PERIPHERAL.a(CyBleStackMgr_PSoCHal.o)
                0x00001930                CyBleStackMgr_HciPortInit

i.CyBleStackMgr_HciPortReset
                0x0000193c        0x2
 i.CyBleStackMgr_HciPortReset
                0x0000193c        0x2 C:\Program Files (x86)\Cypress\PSoC Creator\3.3\PSoC Creator\psoc\content\cycomponentlibraryupdates\CyComponentLibraryUpdates.cylib\BLE_v2_30\Library\gccCyBLEStack_BLE_SOC_PERIPHERAL.a(CyBleStackMgr_PSoCHal.o)
                0x0000193c                CyBleStackMgr_HciPortReset

i.CyBleStackMgr_HciPortWrite
                0x0000193e        0x8
 i.CyBleStackMgr_HciPortWrite
                0x0000193e        0x8 C:\Program Files (x86)\Cypress\PSoC Creator\3.3\PSoC Creator\psoc\content\cycomponentlibraryupdates\CyComponentLibraryUpdates.cylib\BLE_v2_30\Library\gccCyBLEStack_BLE_SOC_PERIPHERAL.a(CyBleStackMgr_PSoCHal.o)
                0x0000193e                CyBleStackMgr_HciPortWrite

i.CyBleStackMgr_ResetLinkLayerTimerEntity
                0x00001948       0x14
 i.CyBleStackMgr_ResetLinkLayerTimerEntity
                0x00001948       0x14 C:\Program Files (x86)\Cypress\PSoC Creator\3.3\PSoC Creator\psoc\content\cycomponentlibraryupdates\CyComponentLibraryUpdates.cylib\BLE_v2_30\Library\gccCyBLEStack_BLE_SOC_PERIPHERAL.a(CyBleStackMgr_PSoCHal.o)
                0x00001948                CyBleStackMgr_ResetLinkLayerTimerEntity

i.CyBleStackMgr_TimerStart
                0x0000195c       0x2c
 i.CyBleStackMgr_TimerStart
                0x0000195c       0x2c C:\Program Files (x86)\Cypress\PSoC Creator\3.3\PSoC Creator\psoc\content\cycomponentlibraryupdates\CyComponentLibraryUpdates.cylib\BLE_v2_30\Library\gccCyBLEStack_BLE_SOC_PERIPHERAL.a(CyBleStackMgr_PSoCHal.o)
                0x0000195c                CyBleStackMgr_TimerStart

i.CyBleStackMgr_TimerStop
                0x00001988       0x18
 i.CyBleStackMgr_TimerStop
                0x00001988       0x18 C:\Program Files (x86)\Cypress\PSoC Creator\3.3\PSoC Creator\psoc\content\cycomponentlibraryupdates\CyComponentLibraryUpdates.cylib\BLE_v2_30\Library\gccCyBLEStack_BLE_SOC_PERIPHERAL.a(CyBleStackMgr_PSoCHal.o)
                0x00001988                CyBleStackMgr_TimerStop

i.CyBleStackMgr_isTimerRunning
                0x000019a0       0x10
 i.CyBleStackMgr_isTimerRunning
                0x000019a0       0x10 C:\Program Files (x86)\Cypress\PSoC Creator\3.3\PSoC Creator\psoc\content\cycomponentlibraryupdates\CyComponentLibraryUpdates.cylib\BLE_v2_30\Library\gccCyBLEStack_BLE_SOC_PERIPHERAL.a(CyBleStackMgr_PSoCHal.o)
                0x000019a0                CyBleStackMgr_isTimerRunning

i.CyBleAtlantisRadioInit
                0x000019b0      0x110
 i.CyBleAtlantisRadioInit
                0x000019b0      0x110 C:\Program Files (x86)\Cypress\PSoC Creator\3.3\PSoC Creator\psoc\content\cycomponentlibraryupdates\CyComponentLibraryUpdates.cylib\BLE_v2_30\Library\gccCyBLEStack_BLE_SOC_PERIPHERAL.a(CyBleStackMgr_BleSSDriver.o)

i.CyBleStackMgr_BleSSFifoRead
                0x00001ac0       0x38
 i.CyBleStackMgr_BleSSFifoRead
                0x00001ac0       0x38 C:\Program Files (x86)\Cypress\PSoC Creator\3.3\PSoC Creator\psoc\content\cycomponentlibraryupdates\CyComponentLibraryUpdates.cylib\BLE_v2_30\Library\gccCyBLEStack_BLE_SOC_PERIPHERAL.a(CyBleStackMgr_BleSSDriver.o)
                0x00001ac0                CyBleStackMgr_BleSSFifoRead

i.CyBleStackMgr_BleSSFifoWrite
                0x00001af8       0x30
 i.CyBleStackMgr_BleSSFifoWrite
                0x00001af8       0x30 C:\Program Files (x86)\Cypress\PSoC Creator\3.3\PSoC Creator\psoc\content\cycomponentlibraryupdates\CyComponentLibraryUpdates.cylib\BLE_v2_30\Library\gccCyBLEStack_BLE_SOC_PERIPHERAL.a(CyBleStackMgr_BleSSDriver.o)
                0x00001af8                CyBleStackMgr_BleSSFifoWrite

i.CyBleStackMgr_BleSSInit
                0x00001b28       0x50
 i.CyBleStackMgr_BleSSInit
                0x00001b28       0x50 C:\Program Files (x86)\Cypress\PSoC Creator\3.3\PSoC Creator\psoc\content\cycomponentlibraryupdates\CyComponentLibraryUpdates.cylib\BLE_v2_30\Library\gccCyBLEStack_BLE_SOC_PERIPHERAL.a(CyBleStackMgr_BleSSDriver.o)
                0x00001b28                CyBleStackMgr_BleSSInit

i.CyBleStackMgr_BleSSMemRead
                0x00001b78       0x26
 i.CyBleStackMgr_BleSSMemRead
                0x00001b78       0x26 C:\Program Files (x86)\Cypress\PSoC Creator\3.3\PSoC Creator\psoc\content\cycomponentlibraryupdates\CyComponentLibraryUpdates.cylib\BLE_v2_30\Library\gccCyBLEStack_BLE_SOC_PERIPHERAL.a(CyBleStackMgr_BleSSDriver.o)
                0x00001b78                CyBleStackMgr_BleSSMemRead

i.CyBleStackMgr_BleSSMemWrite
                0x00001ba0       0x34
 i.CyBleStackMgr_BleSSMemWrite
                0x00001ba0       0x34 C:\Program Files (x86)\Cypress\PSoC Creator\3.3\PSoC Creator\psoc\content\cycomponentlibraryupdates\CyComponentLibraryUpdates.cylib\BLE_v2_30\Library\gccCyBLEStack_BLE_SOC_PERIPHERAL.a(CyBleStackMgr_BleSSDriver.o)
                0x00001ba0                CyBleStackMgr_BleSSMemWrite

i.CyBleStackMgr_BleSSRegRead
                0x00001bd4        0xc
 i.CyBleStackMgr_BleSSRegRead
                0x00001bd4        0xc C:\Program Files (x86)\Cypress\PSoC Creator\3.3\PSoC Creator\psoc\content\cycomponentlibraryupdates\CyComponentLibraryUpdates.cylib\BLE_v2_30\Library\gccCyBLEStack_BLE_SOC_PERIPHERAL.a(CyBleStackMgr_BleSSDriver.o)
                0x00001bd4                CyBleStackMgr_BleSSRegRead

i.CyBleStackMgr_BleSSRegWrite
                0x00001be0        0xc
 i.CyBleStackMgr_BleSSRegWrite
                0x00001be0        0xc C:\Program Files (x86)\Cypress\PSoC Creator\3.3\PSoC Creator\psoc\content\cycomponentlibraryupdates\CyComponentLibraryUpdates.cylib\BLE_v2_30\Library\gccCyBLEStack_BLE_SOC_PERIPHERAL.a(CyBleStackMgr_BleSSDriver.o)
                0x00001be0                CyBleStackMgr_BleSSRegWrite

i.CyBleStackMgr_BleSSReset
                0x00001bec       0x38
 i.CyBleStackMgr_BleSSReset
                0x00001bec       0x38 C:\Program Files (x86)\Cypress\PSoC Creator\3.3\PSoC Creator\psoc\content\cycomponentlibraryupdates\CyComponentLibraryUpdates.cylib\BLE_v2_30\Library\gccCyBLEStack_BLE_SOC_PERIPHERAL.a(CyBleStackMgr_BleSSDriver.o)
                0x00001bec                CyBleStackMgr_BleSSReset

i.CyBleStackMgr_GenericIface
                0x00001c24       0x3c
 i.CyBleStackMgr_GenericIface
                0x00001c24       0x3c C:\Program Files (x86)\Cypress\PSoC Creator\3.3\PSoC Creator\psoc\content\cycomponentlibraryupdates\CyComponentLibraryUpdates.cylib\BLE_v2_30\Library\gccCyBLEStack_BLE_SOC_PERIPHERAL.a(CyBleStackMgr_BleSSDriver.o)
                0x00001c24                CyBleStackMgr_GenericIface

i.CyBleStackMgr_HandleBleSSIntr
                0x00001c60       0x90
 i.CyBleStackMgr_HandleBleSSIntr
                0x00001c60       0x90 C:\Program Files (x86)\Cypress\PSoC Creator\3.3\PSoC Creator\psoc\content\cycomponentlibraryupdates\CyComponentLibraryUpdates.cylib\BLE_v2_30\Library\gccCyBLEStack_BLE_SOC_PERIPHERAL.a(CyBleStackMgr_BleSSDriver.o)
                0x00001c60                CyBleStackMgr_HandleBleSSIntr

i.CyBleStackMgr_SetClockParam
                0x00001cf0       0xb4
 i.CyBleStackMgr_SetClockParam
                0x00001cf0       0xb4 C:\Program Files (x86)\Cypress\PSoC Creator\3.3\PSoC Creator\psoc\content\cycomponentlibraryupdates\CyComponentLibraryUpdates.cylib\BLE_v2_30\Library\gccCyBLEStack_BLE_SOC_PERIPHERAL.a(CyBleStackMgr_BleSSDriver.o)

i.CyBle_ExitDsmMode
                0x00001da4       0x2c
 i.CyBle_ExitDsmMode
                0x00001da4       0x2c C:\Program Files (x86)\Cypress\PSoC Creator\3.3\PSoC Creator\psoc\content\cycomponentlibraryupdates\CyComponentLibraryUpdates.cylib\BLE_v2_30\Library\gccCyBLEStack_BLE_SOC_PERIPHERAL.a(CyBleStackMgr_BleSSDriver.o)
                0x00001da4                CyBle_ExitDsmMode

i.CyBle_GetBleSsOperationalMode
                0x00001dd0        0xc
 i.CyBle_GetBleSsOperationalMode
                0x00001dd0        0xc C:\Program Files (x86)\Cypress\PSoC Creator\3.3\PSoC Creator\psoc\content\cycomponentlibraryupdates\CyComponentLibraryUpdates.cylib\BLE_v2_30\Library\gccCyBLEStack_BLE_SOC_PERIPHERAL.a(CyBleStackMgr_BleSSDriver.o)
                0x00001dd0                CyBle_GetBleSsOperationalMode

i.CyBle_GetLpMode
                0x00001ddc       0x26
 i.CyBle_GetLpMode
                0x00001ddc       0x26 C:\Program Files (x86)\Cypress\PSoC Creator\3.3\PSoC Creator\psoc\content\cycomponentlibraryupdates\CyComponentLibraryUpdates.cylib\BLE_v2_30\Library\gccCyBLEStack_BLE_SOC_PERIPHERAL.a(CyBleStackMgr_BleSSDriver.o)
                0x00001ddc                CyBle_GetLpMode

i.CyBle_GetTxGainMode
                0x00001e04       0x2c
 i.CyBle_GetTxGainMode
                0x00001e04       0x2c C:\Program Files (x86)\Cypress\PSoC Creator\3.3\PSoC Creator\psoc\content\cycomponentlibraryupdates\CyComponentLibraryUpdates.cylib\BLE_v2_30\Library\gccCyBLEStack_BLE_SOC_PERIPHERAL.a(CyBleStackMgr_BleSSDriver.o)
                0x00001e04                CyBle_GetTxGainMode

i.CyBle_SetBleSsOperationalMode
                0x00001e30       0x20
 i.CyBle_SetBleSsOperationalMode
                0x00001e30       0x20 C:\Program Files (x86)\Cypress\PSoC Creator\3.3\PSoC Creator\psoc\content\cycomponentlibraryupdates\CyComponentLibraryUpdates.cylib\BLE_v2_30\Library\gccCyBLEStack_BLE_SOC_PERIPHERAL.a(CyBleStackMgr_BleSSDriver.o)
                0x00001e30                CyBle_SetBleSsOperationalMode

i.CyBle_SetEventCloseState
                0x00001e50        0xc
 i.CyBle_SetEventCloseState
                0x00001e50        0xc C:\Program Files (x86)\Cypress\PSoC Creator\3.3\PSoC Creator\psoc\content\cycomponentlibraryupdates\CyComponentLibraryUpdates.cylib\BLE_v2_30\Library\gccCyBLEStack_BLE_SOC_PERIPHERAL.a(CyBleStackMgr_BleSSDriver.o)
                0x00001e50                CyBle_SetEventCloseState

i.CyBle_SetRxGainMode
                0x00001e5c       0x20
 i.CyBle_SetRxGainMode
                0x00001e5c       0x20 C:\Program Files (x86)\Cypress\PSoC Creator\3.3\PSoC Creator\psoc\content\cycomponentlibraryupdates\CyComponentLibraryUpdates.cylib\BLE_v2_30\Library\gccCyBLEStack_BLE_SOC_PERIPHERAL.a(CyBleStackMgr_BleSSDriver.o)
                0x00001e5c                CyBle_SetRxGainMode

i.CyBle_SetTxGainMode
                0x00001e7c       0x38
 i.CyBle_SetTxGainMode
                0x00001e7c       0x38 C:\Program Files (x86)\Cypress\PSoC Creator\3.3\PSoC Creator\psoc\content\cycomponentlibraryupdates\CyComponentLibraryUpdates.cylib\BLE_v2_30\Library\gccCyBLEStack_BLE_SOC_PERIPHERAL.a(CyBleStackMgr_BleSSDriver.o)
                0x00001e7c                CyBle_SetTxGainMode

i.pf_rf_get_abs_rssi
                0x00001eb4       0x24
 i.pf_rf_get_abs_rssi
                0x00001eb4       0x24 C:\Program Files (x86)\Cypress\PSoC Creator\3.3\PSoC Creator\psoc\content\cycomponentlibraryupdates\CyComponentLibraryUpdates.cylib\BLE_v2_30\Library\gccCyBLEStack_BLE_SOC_PERIPHERAL.a(CyBleStackMgr_BleSSDriver.o)
                0x00001eb4                pf_rf_get_abs_rssi

i.BleStackFlashStorageInit
                0x00001ed8       0x74
 i.BleStackFlashStorageInit
                0x00001ed8       0x74 C:\Program Files (x86)\Cypress\PSoC Creator\3.3\PSoC Creator\psoc\content\cycomponentlibraryupdates\CyComponentLibraryUpdates.cylib\BLE_v2_30\Library\gccCyBLEStack_BLE_SOC_PERIPHERAL.a(storage_pl.o)
                0x00001ed8                BleStackFlashStorageInit

i.BleStackWriteToFlashPending
                0x00001f4c       0x24
 i.BleStackWriteToFlashPending
                0x00001f4c       0x24 C:\Program Files (x86)\Cypress\PSoC Creator\3.3\PSoC Creator\psoc\content\cycomponentlibraryupdates\CyComponentLibraryUpdates.cylib\BLE_v2_30\Library\gccCyBLEStack_BLE_SOC_PERIPHERAL.a(storage_pl.o)
                0x00001f4c                BleStackWriteToFlashPending

i.BleStackWriteToFlashRam
                0x00001f70       0x70
 i.BleStackWriteToFlashRam
                0x00001f70       0x70 C:\Program Files (x86)\Cypress\PSoC Creator\3.3\PSoC Creator\psoc\content\cycomponentlibraryupdates\CyComponentLibraryUpdates.cylib\BLE_v2_30\Library\gccCyBLEStack_BLE_SOC_PERIPHERAL.a(storage_pl.o)
                0x00001f70                BleStackWriteToFlashRam

i.storage_bt_init_pl
                0x00001fe0       0x28
 i.storage_bt_init_pl
                0x00001fe0       0x28 C:\Program Files (x86)\Cypress\PSoC Creator\3.3\PSoC Creator\psoc\content\cycomponentlibraryupdates\CyComponentLibraryUpdates.cylib\BLE_v2_30\Library\gccCyBLEStack_BLE_SOC_PERIPHERAL.a(storage_pl.o)
                0x00001fe0                storage_bt_init_pl

i.storage_close_pl
                0x00002008        0x4
 i.storage_close_pl
                0x00002008        0x4 C:\Program Files (x86)\Cypress\PSoC Creator\3.3\PSoC Creator\psoc\content\cycomponentlibraryupdates\CyComponentLibraryUpdates.cylib\BLE_v2_30\Library\gccCyBLEStack_BLE_SOC_PERIPHERAL.a(storage_pl.o)
                0x00002008                storage_close_pl

i.storage_open_pl
                0x0000200c       0x1c
 i.storage_open_pl
                0x0000200c       0x1c C:\Program Files (x86)\Cypress\PSoC Creator\3.3\PSoC Creator\psoc\content\cycomponentlibraryupdates\CyComponentLibraryUpdates.cylib\BLE_v2_30\Library\gccCyBLEStack_BLE_SOC_PERIPHERAL.a(storage_pl.o)
                0x0000200c                storage_open_pl

i.storage_read_pl
                0x00002028       0x28
 i.storage_read_pl
                0x00002028       0x28 C:\Program Files (x86)\Cypress\PSoC Creator\3.3\PSoC Creator\psoc\content\cycomponentlibraryupdates\CyComponentLibraryUpdates.cylib\BLE_v2_30\Library\gccCyBLEStack_BLE_SOC_PERIPHERAL.a(storage_pl.o)
                0x00002028                storage_read_pl

i.storage_read_signature_pl
                0x00002050       0x2c
 i.storage_read_signature_pl
                0x00002050       0x2c C:\Program Files (x86)\Cypress\PSoC Creator\3.3\PSoC Creator\psoc\content\cycomponentlibraryupdates\CyComponentLibraryUpdates.cylib\BLE_v2_30\Library\gccCyBLEStack_BLE_SOC_PERIPHERAL.a(storage_pl.o)
                0x00002050                storage_read_signature_pl

i.storage_register_flash_pointer
                0x0000207c       0x20
 i.storage_register_flash_pointer
                0x0000207c       0x20 C:\Program Files (x86)\Cypress\PSoC Creator\3.3\PSoC Creator\psoc\content\cycomponentlibraryupdates\CyComponentLibraryUpdates.cylib\BLE_v2_30\Library\gccCyBLEStack_BLE_SOC_PERIPHERAL.a(storage_pl.o)
                0x0000207c                storage_register_flash_pointer

i.storage_reset_storage_offset
                0x0000209c       0x10
 i.storage_reset_storage_offset
                0x0000209c       0x10 C:\Program Files (x86)\Cypress\PSoC Creator\3.3\PSoC Creator\psoc\content\cycomponentlibraryupdates\CyComponentLibraryUpdates.cylib\BLE_v2_30\Library\gccCyBLEStack_BLE_SOC_PERIPHERAL.a(storage_pl.o)

i.storage_write_pl
                0x000020ac       0x24
 i.storage_write_pl
                0x000020ac       0x24 C:\Program Files (x86)\Cypress\PSoC Creator\3.3\PSoC Creator\psoc\content\cycomponentlibraryupdates\CyComponentLibraryUpdates.cylib\BLE_v2_30\Library\gccCyBLEStack_BLE_SOC_PERIPHERAL.a(storage_pl.o)
                0x000020ac                storage_write_pl

i.storage_write_signature_pl
                0x000020d0       0x14
 i.storage_write_signature_pl
                0x000020d0       0x14 C:\Program Files (x86)\Cypress\PSoC Creator\3.3\PSoC Creator\psoc\content\cycomponentlibraryupdates\CyComponentLibraryUpdates.cylib\BLE_v2_30\Library\gccCyBLEStack_BLE_SOC_PERIPHERAL.a(storage_pl.o)
                0x000020d0                storage_write_signature_pl

i.OS_init       0x000020e4       0x64
 i.OS_init      0x000020e4       0x64 C:\Program Files (x86)\Cypress\PSoC Creator\3.3\PSoC Creator\psoc\content\cycomponentlibraryupdates\CyComponentLibraryUpdates.cylib\BLE_v2_30\Library\gccCyBLEStack_BLE_SOC_PERIPHERAL.a(mint_os.o)
                0x000020e4                OS_init

i.mintos_malloc
                0x00002148       0x34
 i.mintos_malloc
                0x00002148       0x34 C:\Program Files (x86)\Cypress\PSoC Creator\3.3\PSoC Creator\psoc\content\cycomponentlibraryupdates\CyComponentLibraryUpdates.cylib\BLE_v2_30\Library\gccCyBLEStack_BLE_SOC_PERIPHERAL.a(mint_os.o)
                0x00002148                mintos_malloc

i.OS_create_queue
                0x0000217c       0x64
 i.OS_create_queue
                0x0000217c       0x64 C:\Program Files (x86)\Cypress\PSoC Creator\3.3\PSoC Creator\psoc\content\cycomponentlibraryupdates\CyComponentLibraryUpdates.cylib\BLE_v2_30\Library\gccCyBLEStack_BLE_SOC_PERIPHERAL.a(mint_os_queue.o)
                0x0000217c                OS_create_queue

i.OS_enqueue_item
                0x000021e0       0x8c
 i.OS_enqueue_item
                0x000021e0       0x8c C:\Program Files (x86)\Cypress\PSoC Creator\3.3\PSoC Creator\psoc\content\cycomponentlibraryupdates\CyComponentLibraryUpdates.cylib\BLE_v2_30\Library\gccCyBLEStack_BLE_SOC_PERIPHERAL.a(mint_os_queue.o)
                0x000021e0                OS_enqueue_item

i.OS_queue_get_num_of_items
                0x0000226c       0x28
 i.OS_queue_get_num_of_items
                0x0000226c       0x28 C:\Program Files (x86)\Cypress\PSoC Creator\3.3\PSoC Creator\psoc\content\cycomponentlibraryupdates\CyComponentLibraryUpdates.cylib\BLE_v2_30\Library\gccCyBLEStack_BLE_SOC_PERIPHERAL.a(mint_os_queue.o)
                0x0000226c                OS_queue_get_num_of_items

i.OS_queue_mgmt_init
                0x00002294       0x40
 i.OS_queue_mgmt_init
                0x00002294       0x40 C:\Program Files (x86)\Cypress\PSoC Creator\3.3\PSoC Creator\psoc\content\cycomponentlibraryupdates\CyComponentLibraryUpdates.cylib\BLE_v2_30\Library\gccCyBLEStack_BLE_SOC_PERIPHERAL.a(mint_os_queue.o)
                0x00002294                OS_queue_mgmt_init

i.OS_remove_item
                0x000022d4       0xa0
 i.OS_remove_item
                0x000022d4       0xa0 C:\Program Files (x86)\Cypress\PSoC Creator\3.3\PSoC Creator\psoc\content\cycomponentlibraryupdates\CyComponentLibraryUpdates.cylib\BLE_v2_30\Library\gccCyBLEStack_BLE_SOC_PERIPHERAL.a(mint_os_queue.o)
                0x000022d4                OS_remove_item

i.OS_create_task
                0x00002374       0x88
 i.OS_create_task
                0x00002374       0x88 C:\Program Files (x86)\Cypress\PSoC Creator\3.3\PSoC Creator\psoc\content\cycomponentlibraryupdates\CyComponentLibraryUpdates.cylib\BLE_v2_30\Library\gccCyBLEStack_BLE_SOC_PERIPHERAL.a(mint_os_task.o)
                0x00002374                OS_create_task

i.OS_isr_send_signal_to_task
                0x000023fc        0xc
 i.OS_isr_send_signal_to_task
                0x000023fc        0xc C:\Program Files (x86)\Cypress\PSoC Creator\3.3\PSoC Creator\psoc\content\cycomponentlibraryupdates\CyComponentLibraryUpdates.cylib\BLE_v2_30\Library\gccCyBLEStack_BLE_SOC_PERIPHERAL.a(mint_os_task.o)
                0x000023fc                OS_isr_send_signal_to_task

i.OS_scheduler  0x00002408       0x64
 i.OS_scheduler
                0x00002408       0x64 C:\Program Files (x86)\Cypress\PSoC Creator\3.3\PSoC Creator\psoc\content\cycomponentlibraryupdates\CyComponentLibraryUpdates.cylib\BLE_v2_30\Library\gccCyBLEStack_BLE_SOC_PERIPHERAL.a(mint_os_task.o)
                0x00002408                OS_scheduler

i.OS_send_signal_to_task
                0x0000246c        0xc
 i.OS_send_signal_to_task
                0x0000246c        0xc C:\Program Files (x86)\Cypress\PSoC Creator\3.3\PSoC Creator\psoc\content\cycomponentlibraryupdates\CyComponentLibraryUpdates.cylib\BLE_v2_30\Library\gccCyBLEStack_BLE_SOC_PERIPHERAL.a(mint_os_task.o)
                0x0000246c                OS_send_signal_to_task

i.OS_send_signal_to_task_context
                0x00002478       0x3c
 i.OS_send_signal_to_task_context
                0x00002478       0x3c C:\Program Files (x86)\Cypress\PSoC Creator\3.3\PSoC Creator\psoc\content\cycomponentlibraryupdates\CyComponentLibraryUpdates.cylib\BLE_v2_30\Library\gccCyBLEStack_BLE_SOC_PERIPHERAL.a(mint_os_task.o)

i.OS_task_mgmt_init
                0x000024b4       0x50
 i.OS_task_mgmt_init
                0x000024b4       0x50 C:\Program Files (x86)\Cypress\PSoC Creator\3.3\PSoC Creator\psoc\content\cycomponentlibraryupdates\CyComponentLibraryUpdates.cylib\BLE_v2_30\Library\gccCyBLEStack_BLE_SOC_PERIPHERAL.a(mint_os_task.o)
                0x000024b4                OS_task_mgmt_init

i.mint_buf_mgmt_allocate_buffer
                0x00002504       0x4c
 i.mint_buf_mgmt_allocate_buffer
                0x00002504       0x4c C:\Program Files (x86)\Cypress\PSoC Creator\3.3\PSoC Creator\psoc\content\cycomponentlibraryupdates\CyComponentLibraryUpdates.cylib\BLE_v2_30\Library\gccCyBLEStack_BLE_SOC_PERIPHERAL.a(mint_buf_mgmt.o)
                0x00002504                mint_buf_mgmt_allocate_buffer

i.mint_buf_mgmt_create_pool
                0x00002550       0xd0
 i.mint_buf_mgmt_create_pool
                0x00002550       0xd0 C:\Program Files (x86)\Cypress\PSoC Creator\3.3\PSoC Creator\psoc\content\cycomponentlibraryupdates\CyComponentLibraryUpdates.cylib\BLE_v2_30\Library\gccCyBLEStack_BLE_SOC_PERIPHERAL.a(mint_buf_mgmt.o)
                0x00002550                mint_buf_mgmt_create_pool

i.mint_buf_mgmt_free_buffer
                0x00002620       0xa4
 i.mint_buf_mgmt_free_buffer
                0x00002620       0xa4 C:\Program Files (x86)\Cypress\PSoC Creator\3.3\PSoC Creator\psoc\content\cycomponentlibraryupdates\CyComponentLibraryUpdates.cylib\BLE_v2_30\Library\gccCyBLEStack_BLE_SOC_PERIPHERAL.a(mint_buf_mgmt.o)
                0x00002620                mint_buf_mgmt_free_buffer

i.mint_buf_mgmt_init
                0x000026c4       0x44
 i.mint_buf_mgmt_init
                0x000026c4       0x44 C:\Program Files (x86)\Cypress\PSoC Creator\3.3\PSoC Creator\psoc\content\cycomponentlibraryupdates\CyComponentLibraryUpdates.cylib\BLE_v2_30\Library\gccCyBLEStack_BLE_SOC_PERIPHERAL.a(mint_buf_mgmt.o)
                0x000026c4                mint_buf_mgmt_init

i.mint_buf_mgmt_malloc
                0x00002708       0x2c
 i.mint_buf_mgmt_malloc
                0x00002708       0x2c C:\Program Files (x86)\Cypress\PSoC Creator\3.3\PSoC Creator\psoc\content\cycomponentlibraryupdates\CyComponentLibraryUpdates.cylib\BLE_v2_30\Library\gccCyBLEStack_BLE_SOC_PERIPHERAL.a(mint_buf_mgmt.o)
                0x00002708                mint_buf_mgmt_malloc

i.mint_buf_mgmt_pl_init
                0x00002734       0x48
 i.mint_buf_mgmt_pl_init
                0x00002734       0x48 C:\Program Files (x86)\Cypress\PSoC Creator\3.3\PSoC Creator\psoc\content\cycomponentlibraryupdates\CyComponentLibraryUpdates.cylib\BLE_v2_30\Library\gccCyBLEStack_BLE_SOC_PERIPHERAL.a(mint_buf_mgmt.o)
                0x00002734                mint_buf_mgmt_pl_init

i.mint_buf_mgmt_reset_pool
                0x0000277c       0x70
 i.mint_buf_mgmt_reset_pool
                0x0000277c       0x70 C:\Program Files (x86)\Cypress\PSoC Creator\3.3\PSoC Creator\psoc\content\cycomponentlibraryupdates\CyComponentLibraryUpdates.cylib\BLE_v2_30\Library\gccCyBLEStack_BLE_SOC_PERIPHERAL.a(mint_buf_mgmt.o)
                0x0000277c                mint_buf_mgmt_reset_pool

i.mint_buf_mgmt_stack_init
                0x000027ec       0x24
 i.mint_buf_mgmt_stack_init
                0x000027ec       0x24 C:\Program Files (x86)\Cypress\PSoC Creator\3.3\PSoC Creator\psoc\content\cycomponentlibraryupdates\CyComponentLibraryUpdates.cylib\BLE_v2_30\Library\gccCyBLEStack_BLE_SOC_PERIPHERAL.a(mint_buf_mgmt.o)
                0x000027ec                mint_buf_mgmt_stack_init

i.mint_buf_mgmt_stack_pop
                0x00002810       0x36
 i.mint_buf_mgmt_stack_pop
                0x00002810       0x36 C:\Program Files (x86)\Cypress\PSoC Creator\3.3\PSoC Creator\psoc\content\cycomponentlibraryupdates\CyComponentLibraryUpdates.cylib\BLE_v2_30\Library\gccCyBLEStack_BLE_SOC_PERIPHERAL.a(mint_buf_mgmt.o)
                0x00002810                mint_buf_mgmt_stack_pop

i.mint_buf_mgmt_stack_push
                0x00002846       0x36
 i.mint_buf_mgmt_stack_push
                0x00002846       0x36 C:\Program Files (x86)\Cypress\PSoC Creator\3.3\PSoC Creator\psoc\content\cycomponentlibraryupdates\CyComponentLibraryUpdates.cylib\BLE_v2_30\Library\gccCyBLEStack_BLE_SOC_PERIPHERAL.a(mint_buf_mgmt.o)
                0x00002846                mint_buf_mgmt_stack_push

i.mint_buf_mgmt_stack_reset
                0x0000287c       0x1e
 i.mint_buf_mgmt_stack_reset
                0x0000287c       0x1e C:\Program Files (x86)\Cypress\PSoC Creator\3.3\PSoC Creator\psoc\content\cycomponentlibraryupdates\CyComponentLibraryUpdates.cylib\BLE_v2_30\Library\gccCyBLEStack_BLE_SOC_PERIPHERAL.a(mint_buf_mgmt.o)
                0x0000287c                mint_buf_mgmt_stack_reset

i.mint_buf_mgmt_stack_search_item
                0x0000289a       0x30
 i.mint_buf_mgmt_stack_search_item
                0x0000289a       0x30 C:\Program Files (x86)\Cypress\PSoC Creator\3.3\PSoC Creator\psoc\content\cycomponentlibraryupdates\CyComponentLibraryUpdates.cylib\BLE_v2_30\Library\gccCyBLEStack_BLE_SOC_PERIPHERAL.a(mint_buf_mgmt.o)
                0x0000289a                mint_buf_mgmt_stack_search_item

i.CyBleControllerIP_GetPingState
                0x000028cc        0xc
 i.CyBleControllerIP_GetPingState
                0x000028cc        0xc C:\Program Files (x86)\Cypress\PSoC Creator\3.3\PSoC Creator\psoc\content\cycomponentlibraryupdates\CyComponentLibraryUpdates.cylib\BLE_v2_30\Library\gccCyBLEStack_BLE_SOC_PERIPHERAL.a(CyBleControllerIP_Interface.o)
                0x000028cc                CyBleControllerIP_GetPingState

i.CyBleController_AddDeviceToWhiteList
                0x000028d8       0x40
 i.CyBleController_AddDeviceToWhiteList
                0x000028d8       0x40 C:\Program Files (x86)\Cypress\PSoC Creator\3.3\PSoC Creator\psoc\content\cycomponentlibraryupdates\CyComponentLibraryUpdates.cylib\BLE_v2_30\Library\gccCyBLEStack_BLE_SOC_PERIPHERAL.a(CyBleControllerIP_Interface.o)
                0x000028d8                CyBleController_AddDeviceToWhiteList

i.CyBleController_ExitLowPowerMode
                0x00002918       0x10
 i.CyBleController_ExitLowPowerMode
                0x00002918       0x10 C:\Program Files (x86)\Cypress\PSoC Creator\3.3\PSoC Creator\psoc\content\cycomponentlibraryupdates\CyComponentLibraryUpdates.cylib\BLE_v2_30\Library\gccCyBLEStack_BLE_SOC_PERIPHERAL.a(CyBleControllerIP_Interface.o)
                0x00002918                CyBleController_ExitLowPowerMode

i.CyBleController_Init
                0x00002928       0x32
 i.CyBleController_Init
                0x00002928       0x32 C:\Program Files (x86)\Cypress\PSoC Creator\3.3\PSoC Creator\psoc\content\cycomponentlibraryupdates\CyComponentLibraryUpdates.cylib\BLE_v2_30\Library\gccCyBLEStack_BLE_SOC_PERIPHERAL.a(CyBleControllerIP_Interface.o)
                0x00002928                CyBleController_Init

i.CyBleController_SetDeviceAddress
                0x0000295a       0x2e
 i.CyBleController_SetDeviceAddress
                0x0000295a       0x2e C:\Program Files (x86)\Cypress\PSoC Creator\3.3\PSoC Creator\psoc\content\cycomponentlibraryupdates\CyComponentLibraryUpdates.cylib\BLE_v2_30\Library\gccCyBLEStack_BLE_SOC_PERIPHERAL.a(CyBleControllerIP_Interface.o)
                0x0000295a                CyBleController_SetDeviceAddress

i.CyBle_GetTxPowerLevel
                0x00002988       0x4e
 i.CyBle_GetTxPowerLevel
                0x00002988       0x4e C:\Program Files (x86)\Cypress\PSoC Creator\3.3\PSoC Creator\psoc\content\cycomponentlibraryupdates\CyComponentLibraryUpdates.cylib\BLE_v2_30\Library\gccCyBLEStack_BLE_SOC_PERIPHERAL.a(CyBleControllerIP_Interface.o)
                0x00002988                CyBle_GetTxPowerLevel

i.CyBle_SetTxPowerLevel
                0x000029d6       0x56
 i.CyBle_SetTxPowerLevel
                0x000029d6       0x56 C:\Program Files (x86)\Cypress\PSoC Creator\3.3\PSoC Creator\psoc\content\cycomponentlibraryupdates\CyComponentLibraryUpdates.cylib\BLE_v2_30\Library\gccCyBLEStack_BLE_SOC_PERIPHERAL.a(CyBleControllerIP_Interface.o)
                0x000029d6                CyBle_SetTxPowerLevel

i.ll_check_and_mark_packet_ready_for_transmission
                0x00002a2c       0x28
 i.ll_check_and_mark_packet_ready_for_transmission
                0x00002a2c       0x28 C:\Program Files (x86)\Cypress\PSoC Creator\3.3\PSoC Creator\psoc\content\cycomponentlibraryupdates\CyComponentLibraryUpdates.cylib\BLE_v2_30\Library\gccCyBLEStack_BLE_SOC_PERIPHERAL.a(ll.o)
                0x00002a2c                ll_check_and_mark_packet_ready_for_transmission

i.ll_cleanup_pending_data_pdu
                0x00002a54       0x38
 i.ll_cleanup_pending_data_pdu
                0x00002a54       0x38 C:\Program Files (x86)\Cypress\PSoC Creator\3.3\PSoC Creator\psoc\content\cycomponentlibraryupdates\CyComponentLibraryUpdates.cylib\BLE_v2_30\Library\gccCyBLEStack_BLE_SOC_PERIPHERAL.a(ll.o)
                0x00002a54                ll_cleanup_pending_data_pdu

i.ll_exit_low_power_mode
                0x00002a8c       0xac
 i.ll_exit_low_power_mode
                0x00002a8c       0xac C:\Program Files (x86)\Cypress\PSoC Creator\3.3\PSoC Creator\psoc\content\cycomponentlibraryupdates\CyComponentLibraryUpdates.cylib\BLE_v2_30\Library\gccCyBLEStack_BLE_SOC_PERIPHERAL.a(ll.o)
                0x00002a8c                ll_exit_low_power_mode

i.ll_get_ack_status
                0x00002b38       0x3c
 i.ll_get_ack_status
                0x00002b38       0x3c C:\Program Files (x86)\Cypress\PSoC Creator\3.3\PSoC Creator\psoc\content\cycomponentlibraryupdates\CyComponentLibraryUpdates.cylib\BLE_v2_30\Library\gccCyBLEStack_BLE_SOC_PERIPHERAL.a(ll.o)
                0x00002b38                ll_get_ack_status

i.ll_get_adv_ch_tx_power
                0x00002b74       0x20
 i.ll_get_adv_ch_tx_power
                0x00002b74       0x20 C:\Program Files (x86)\Cypress\PSoC Creator\3.3\PSoC Creator\psoc\content\cycomponentlibraryupdates\CyComponentLibraryUpdates.cylib\BLE_v2_30\Library\gccCyBLEStack_BLE_SOC_PERIPHERAL.a(ll.o)
                0x00002b74                ll_get_adv_ch_tx_power

i.ll_get_data_channel_map
                0x00002b94       0x24
 i.ll_get_data_channel_map
                0x00002b94       0x24 C:\Program Files (x86)\Cypress\PSoC Creator\3.3\PSoC Creator\psoc\content\cycomponentlibraryupdates\CyComponentLibraryUpdates.cylib\BLE_v2_30\Library\gccCyBLEStack_BLE_SOC_PERIPHERAL.a(ll.o)
                0x00002b94                ll_get_data_channel_map

i.ll_get_max_white_list_size
                0x00002bb8        0xc
 i.ll_get_max_white_list_size
                0x00002bb8        0xc C:\Program Files (x86)\Cypress\PSoC Creator\3.3\PSoC Creator\psoc\content\cycomponentlibraryupdates\CyComponentLibraryUpdates.cylib\BLE_v2_30\Library\gccCyBLEStack_BLE_SOC_PERIPHERAL.a(ll.o)
                0x00002bb8                ll_get_max_white_list_size

i.ll_get_my_role
                0x00002bc4        0xc
 i.ll_get_my_role
                0x00002bc4        0xc C:\Program Files (x86)\Cypress\PSoC Creator\3.3\PSoC Creator\psoc\content\cycomponentlibraryupdates\CyComponentLibraryUpdates.cylib\BLE_v2_30\Library\gccCyBLEStack_BLE_SOC_PERIPHERAL.a(ll.o)
                0x00002bc4                ll_get_my_role

i.ll_get_next_available_fifo_for_data_pdu
                0x00002bd0        0x8
 i.ll_get_next_available_fifo_for_data_pdu
                0x00002bd0        0x8 C:\Program Files (x86)\Cypress\PSoC Creator\3.3\PSoC Creator\psoc\content\cycomponentlibraryupdates\CyComponentLibraryUpdates.cylib\BLE_v2_30\Library\gccCyBLEStack_BLE_SOC_PERIPHERAL.a(ll.o)
                0x00002bd0                ll_get_next_available_fifo_for_data_pdu

i.ll_get_next_available_fifo_for_ll_pdu
                0x00002bd8       0x24
 i.ll_get_next_available_fifo_for_ll_pdu
                0x00002bd8       0x24 C:\Program Files (x86)\Cypress\PSoC Creator\3.3\PSoC Creator\psoc\content\cycomponentlibraryupdates\CyComponentLibraryUpdates.cylib\BLE_v2_30\Library\gccCyBLEStack_BLE_SOC_PERIPHERAL.a(ll.o)
                0x00002bd8                ll_get_next_available_fifo_for_ll_pdu

i.ll_get_rssi_value
                0x00002bfc       0x26
 i.ll_get_rssi_value
                0x00002bfc       0x26 C:\Program Files (x86)\Cypress\PSoC Creator\3.3\PSoC Creator\psoc\content\cycomponentlibraryupdates\CyComponentLibraryUpdates.cylib\BLE_v2_30\Library\gccCyBLEStack_BLE_SOC_PERIPHERAL.a(ll.o)
                0x00002bfc                ll_get_rssi_value

i.ll_get_transmit_power_level
                0x00002c24       0x2c
 i.ll_get_transmit_power_level
                0x00002c24       0x2c C:\Program Files (x86)\Cypress\PSoC Creator\3.3\PSoC Creator\psoc\content\cycomponentlibraryupdates\CyComponentLibraryUpdates.cylib\BLE_v2_30\Library\gccCyBLEStack_BLE_SOC_PERIPHERAL.a(ll.o)
                0x00002c24                ll_get_transmit_power_level

i.ll_handle_ack_received
                0x00002c50       0x74
 i.ll_handle_ack_received
                0x00002c50       0x74 C:\Program Files (x86)\Cypress\PSoC Creator\3.3\PSoC Creator\psoc\content\cycomponentlibraryupdates\CyComponentLibraryUpdates.cylib\BLE_v2_30\Library\gccCyBLEStack_BLE_SOC_PERIPHERAL.a(ll.o)
                0x00002c50                ll_handle_ack_received

i.ll_handle_add_device_in_whitelist
                0x00002cc4       0x3a
 i.ll_handle_add_device_in_whitelist
                0x00002cc4       0x3a C:\Program Files (x86)\Cypress\PSoC Creator\3.3\PSoC Creator\psoc\content\cycomponentlibraryupdates\CyComponentLibraryUpdates.cylib\BLE_v2_30\Library\gccCyBLEStack_BLE_SOC_PERIPHERAL.a(ll.o)
                0x00002cc4                ll_handle_add_device_in_whitelist

i.ll_handle_clear_whitelist
                0x00002cfe       0x16
 i.ll_handle_clear_whitelist
                0x00002cfe       0x16 C:\Program Files (x86)\Cypress\PSoC Creator\3.3\PSoC Creator\psoc\content\cycomponentlibraryupdates\CyComponentLibraryUpdates.cylib\BLE_v2_30\Library\gccCyBLEStack_BLE_SOC_PERIPHERAL.a(ll.o)
                0x00002cfe                ll_handle_clear_whitelist

i.ll_handle_encrypt_host_data
                0x00002d14       0x36
 i.ll_handle_encrypt_host_data
                0x00002d14       0x36 C:\Program Files (x86)\Cypress\PSoC Creator\3.3\PSoC Creator\psoc\content\cycomponentlibraryupdates\CyComponentLibraryUpdates.cylib\BLE_v2_30\Library\gccCyBLEStack_BLE_SOC_PERIPHERAL.a(ll.o)
                0x00002d14                ll_handle_encrypt_host_data

i.ll_handle_host_data_packet
                0x00002d4a       0x54
 i.ll_handle_host_data_packet
                0x00002d4a       0x54 C:\Program Files (x86)\Cypress\PSoC Creator\3.3\PSoC Creator\psoc\content\cycomponentlibraryupdates\CyComponentLibraryUpdates.cylib\BLE_v2_30\Library\gccCyBLEStack_BLE_SOC_PERIPHERAL.a(ll.o)
                0x00002d4a                ll_handle_host_data_packet

i.ll_handle_read_host_channel_map
                0x00002d9e        0x4
 i.ll_handle_read_host_channel_map
                0x00002d9e        0x4 C:\Program Files (x86)\Cypress\PSoC Creator\3.3\PSoC Creator\psoc\content\cycomponentlibraryupdates\CyComponentLibraryUpdates.cylib\BLE_v2_30\Library\gccCyBLEStack_BLE_SOC_PERIPHERAL.a(ll.o)
                0x00002d9e                ll_handle_read_host_channel_map

i.ll_handle_remove_device_in_whitelist
                0x00002da2       0x2a
 i.ll_handle_remove_device_in_whitelist
                0x00002da2       0x2a C:\Program Files (x86)\Cypress\PSoC Creator\3.3\PSoC Creator\psoc\content\cycomponentlibraryupdates\CyComponentLibraryUpdates.cylib\BLE_v2_30\Library\gccCyBLEStack_BLE_SOC_PERIPHERAL.a(ll.o)
                0x00002da2                ll_handle_remove_device_in_whitelist

i.ll_handle_reset
                0x00002dcc        0xe
 i.ll_handle_reset
                0x00002dcc        0xe C:\Program Files (x86)\Cypress\PSoC Creator\3.3\PSoC Creator\psoc\content\cycomponentlibraryupdates\CyComponentLibraryUpdates.cylib\BLE_v2_30\Library\gccCyBLEStack_BLE_SOC_PERIPHERAL.a(ll.o)
                0x00002dcc                ll_handle_reset

i.ll_handle_set_random_address
                0x00002dda       0x36
 i.ll_handle_set_random_address
                0x00002dda       0x36 C:\Program Files (x86)\Cypress\PSoC Creator\3.3\PSoC Creator\psoc\content\cycomponentlibraryupdates\CyComponentLibraryUpdates.cylib\BLE_v2_30\Library\gccCyBLEStack_BLE_SOC_PERIPHERAL.a(ll.o)
                0x00002dda                ll_handle_set_random_address

i.ll_init       0x00002e10       0x18
 i.ll_init      0x00002e10       0x18 C:\Program Files (x86)\Cypress\PSoC Creator\3.3\PSoC Creator\psoc\content\cycomponentlibraryupdates\CyComponentLibraryUpdates.cylib\BLE_v2_30\Library\gccCyBLEStack_BLE_SOC_PERIPHERAL.a(ll.o)
                0x00002e10                ll_init

i.ll_initialize_device_attributes
                0x00002e28       0x4c
 i.ll_initialize_device_attributes
                0x00002e28       0x4c C:\Program Files (x86)\Cypress\PSoC Creator\3.3\PSoC Creator\psoc\content\cycomponentlibraryupdates\CyComponentLibraryUpdates.cylib\BLE_v2_30\Library\gccCyBLEStack_BLE_SOC_PERIPHERAL.a(ll.o)
                0x00002e28                ll_initialize_device_attributes

i.ll_is_pkt_pending
                0x00002e74       0x2a
 i.ll_is_pkt_pending
                0x00002e74       0x2a C:\Program Files (x86)\Cypress\PSoC Creator\3.3\PSoC Creator\psoc\content\cycomponentlibraryupdates\CyComponentLibraryUpdates.cylib\BLE_v2_30\Library\gccCyBLEStack_BLE_SOC_PERIPHERAL.a(ll.o)
                0x00002e74                ll_is_pkt_pending

i.ll_is_sent_pkt_pending
                0x00002e9e       0x1a
 i.ll_is_sent_pkt_pending
                0x00002e9e       0x1a C:\Program Files (x86)\Cypress\PSoC Creator\3.3\PSoC Creator\psoc\content\cycomponentlibraryupdates\CyComponentLibraryUpdates.cylib\BLE_v2_30\Library\gccCyBLEStack_BLE_SOC_PERIPHERAL.a(ll.o)
                0x00002e9e                ll_is_sent_pkt_pending

i.ll_isr_exit_low_power_mode
                0x00002eb8       0x16
 i.ll_isr_exit_low_power_mode
                0x00002eb8       0x16 C:\Program Files (x86)\Cypress\PSoC Creator\3.3\PSoC Creator\psoc\content\cycomponentlibraryupdates\CyComponentLibraryUpdates.cylib\BLE_v2_30\Library\gccCyBLEStack_BLE_SOC_PERIPHERAL.a(ll.o)
                0x00002eb8                ll_isr_exit_low_power_mode

i.ll_load_host_data_packet
                0x00002ece       0x4a
 i.ll_load_host_data_packet
                0x00002ece       0x4a C:\Program Files (x86)\Cypress\PSoC Creator\3.3\PSoC Creator\psoc\content\cycomponentlibraryupdates\CyComponentLibraryUpdates.cylib\BLE_v2_30\Library\gccCyBLEStack_BLE_SOC_PERIPHERAL.a(ll.o)
                0x00002ece                ll_load_host_data_packet

i.ll_load_packet_to_fifo
                0x00002f18       0x6e
 i.ll_load_packet_to_fifo
                0x00002f18       0x6e C:\Program Files (x86)\Cypress\PSoC Creator\3.3\PSoC Creator\psoc\content\cycomponentlibraryupdates\CyComponentLibraryUpdates.cylib\BLE_v2_30\Library\gccCyBLEStack_BLE_SOC_PERIPHERAL.a(ll.o)
                0x00002f18                ll_load_packet_to_fifo

i.ll_process_acks
                0x00002f86       0x3c
 i.ll_process_acks
                0x00002f86       0x3c C:\Program Files (x86)\Cypress\PSoC Creator\3.3\PSoC Creator\psoc\content\cycomponentlibraryupdates\CyComponentLibraryUpdates.cylib\BLE_v2_30\Library\gccCyBLEStack_BLE_SOC_PERIPHERAL.a(ll.o)
                0x00002f86                ll_process_acks

i.ll_reset      0x00002fc2       0x12
 i.ll_reset     0x00002fc2       0x12 C:\Program Files (x86)\Cypress\PSoC Creator\3.3\PSoC Creator\psoc\content\cycomponentlibraryupdates\CyComponentLibraryUpdates.cylib\BLE_v2_30\Library\gccCyBLEStack_BLE_SOC_PERIPHERAL.a(ll.o)
                0x00002fc2                ll_reset

i.ll_update_active_features
                0x00002fd4       0x58
 i.ll_update_active_features
                0x00002fd4       0x58 C:\Program Files (x86)\Cypress\PSoC Creator\3.3\PSoC Creator\psoc\content\cycomponentlibraryupdates\CyComponentLibraryUpdates.cylib\BLE_v2_30\Library\gccCyBLEStack_BLE_SOC_PERIPHERAL.a(ll.o)
                0x00002fd4                ll_update_active_features

i.ll_update_device_fsm
                0x0000302c        0x8
 i.ll_update_device_fsm
                0x0000302c        0x8 C:\Program Files (x86)\Cypress\PSoC Creator\3.3\PSoC Creator\psoc\content\cycomponentlibraryupdates\CyComponentLibraryUpdates.cylib\BLE_v2_30\Library\gccCyBLEStack_BLE_SOC_PERIPHERAL.a(ll.o)
                0x0000302c                ll_update_device_fsm

i.pf_le_start_timer
                0x00003034       0x16
 i.pf_le_start_timer
                0x00003034       0x16 C:\Program Files (x86)\Cypress\PSoC Creator\3.3\PSoC Creator\psoc\content\cycomponentlibraryupdates\CyComponentLibraryUpdates.cylib\BLE_v2_30\Library\gccCyBLEStack_BLE_SOC_PERIPHERAL.a(ll.o)
                0x00003034                pf_le_start_timer

i.pf_le_stop_timer
                0x0000304a       0x12
 i.pf_le_stop_timer
                0x0000304a       0x12 C:\Program Files (x86)\Cypress\PSoC Creator\3.3\PSoC Creator\psoc\content\cycomponentlibraryupdates\CyComponentLibraryUpdates.cylib\BLE_v2_30\Library\gccCyBLEStack_BLE_SOC_PERIPHERAL.a(ll.o)
                0x0000304a                pf_le_stop_timer

i.CyBleControllerIP_TuneAdvEventInterPktSlots
                0x0000305c       0x44
 i.CyBleControllerIP_TuneAdvEventInterPktSlots
                0x0000305c       0x44 C:\Program Files (x86)\Cypress\PSoC Creator\3.3\PSoC Creator\psoc\content\cycomponentlibraryupdates\CyComponentLibraryUpdates.cylib\BLE_v2_30\Library\gccCyBLEStack_BLE_SOC_PERIPHERAL.a(ll_advertiser.o)
                0x0000305c                CyBleControllerIP_TuneAdvEventInterPktSlots

i.ll_adv_is_configured_connection_adv
                0x000030a0       0x1e
 i.ll_adv_is_configured_connection_adv
                0x000030a0       0x1e C:\Program Files (x86)\Cypress\PSoC Creator\3.3\PSoC Creator\psoc\content\cycomponentlibraryupdates\CyComponentLibraryUpdates.cylib\BLE_v2_30\Library\gccCyBLEStack_BLE_SOC_PERIPHERAL.a(ll_advertiser.o)
                0x000030a0                ll_adv_is_configured_connection_adv

i.ll_check_random_address_in_use_by_advertiser
                0x000030be       0x10
 i.ll_check_random_address_in_use_by_advertiser
                0x000030be       0x10 C:\Program Files (x86)\Cypress\PSoC Creator\3.3\PSoC Creator\psoc\content\cycomponentlibraryupdates\CyComponentLibraryUpdates.cylib\BLE_v2_30\Library\gccCyBLEStack_BLE_SOC_PERIPHERAL.a(ll_advertiser.o)
                0x000030be                ll_check_random_address_in_use_by_advertiser

i.ll_check_whitelist_in_use_by_advertiser
                0x000030ce       0x10
 i.ll_check_whitelist_in_use_by_advertiser
                0x000030ce       0x10 C:\Program Files (x86)\Cypress\PSoC Creator\3.3\PSoC Creator\psoc\content\cycomponentlibraryupdates\CyComponentLibraryUpdates.cylib\BLE_v2_30\Library\gccCyBLEStack_BLE_SOC_PERIPHERAL.a(ll_advertiser.o)
                0x000030ce                ll_check_whitelist_in_use_by_advertiser

i.ll_get_adv_status
                0x000030de        0xc
 i.ll_get_adv_status
                0x000030de        0xc C:\Program Files (x86)\Cypress\PSoC Creator\3.3\PSoC Creator\psoc\content\cycomponentlibraryupdates\CyComponentLibraryUpdates.cylib\BLE_v2_30\Library\gccCyBLEStack_BLE_SOC_PERIPHERAL.a(ll_advertiser.o)
                0x000030de                ll_get_adv_status

i.ll_get_adv_type
                0x000030ea       0x16
 i.ll_get_adv_type
                0x000030ea       0x16 C:\Program Files (x86)\Cypress\PSoC Creator\3.3\PSoC Creator\psoc\content\cycomponentlibraryupdates\CyComponentLibraryUpdates.cylib\BLE_v2_30\Library\gccCyBLEStack_BLE_SOC_PERIPHERAL.a(ll_advertiser.o)
                0x000030ea                ll_get_adv_type

i.ll_handle_adv_intr
                0x00003100       0x50
 i.ll_handle_adv_intr
                0x00003100       0x50 C:\Program Files (x86)\Cypress\PSoC Creator\3.3\PSoC Creator\psoc\content\cycomponentlibraryupdates\CyComponentLibraryUpdates.cylib\BLE_v2_30\Library\gccCyBLEStack_BLE_SOC_PERIPHERAL.a(ll_advertiser.o)
                0x00003100                ll_handle_adv_intr

i.ll_handle_set_adv_data
                0x00003150       0x14
 i.ll_handle_set_adv_data
                0x00003150       0x14 C:\Program Files (x86)\Cypress\PSoC Creator\3.3\PSoC Creator\psoc\content\cycomponentlibraryupdates\CyComponentLibraryUpdates.cylib\BLE_v2_30\Library\gccCyBLEStack_BLE_SOC_PERIPHERAL.a(ll_advertiser.o)
                0x00003150                ll_handle_set_adv_data

i.ll_handle_set_adv_parameters
                0x00003164       0x84
 i.ll_handle_set_adv_parameters
                0x00003164       0x84 C:\Program Files (x86)\Cypress\PSoC Creator\3.3\PSoC Creator\psoc\content\cycomponentlibraryupdates\CyComponentLibraryUpdates.cylib\BLE_v2_30\Library\gccCyBLEStack_BLE_SOC_PERIPHERAL.a(ll_advertiser.o)
                0x00003164                ll_handle_set_adv_parameters

i.ll_handle_set_advertise_enable
                0x000031e8       0x78
 i.ll_handle_set_advertise_enable
                0x000031e8       0x78 C:\Program Files (x86)\Cypress\PSoC Creator\3.3\PSoC Creator\psoc\content\cycomponentlibraryupdates\CyComponentLibraryUpdates.cylib\BLE_v2_30\Library\gccCyBLEStack_BLE_SOC_PERIPHERAL.a(ll_advertiser.o)
                0x000031e8                ll_handle_set_advertise_enable

i.ll_handle_set_scan_resp_data
                0x00003260       0x14
 i.ll_handle_set_scan_resp_data
                0x00003260       0x14 C:\Program Files (x86)\Cypress\PSoC Creator\3.3\PSoC Creator\psoc\content\cycomponentlibraryupdates\CyComponentLibraryUpdates.cylib\BLE_v2_30\Library\gccCyBLEStack_BLE_SOC_PERIPHERAL.a(ll_advertiser.o)
                0x00003260                ll_handle_set_scan_resp_data

i.ll_init_advertiser
                0x00003274       0x68
 i.ll_init_advertiser
                0x00003274       0x68 C:\Program Files (x86)\Cypress\PSoC Creator\3.3\PSoC Creator\psoc\content\cycomponentlibraryupdates\CyComponentLibraryUpdates.cylib\BLE_v2_30\Library\gccCyBLEStack_BLE_SOC_PERIPHERAL.a(ll_advertiser.o)
                0x00003274                ll_init_advertiser

i.is_le_connection_handle
                0x000032dc       0x28
 i.is_le_connection_handle
                0x000032dc       0x28 C:\Program Files (x86)\Cypress\PSoC Creator\3.3\PSoC Creator\psoc\content\cycomponentlibraryupdates\CyComponentLibraryUpdates.cylib\BLE_v2_30\Library\gccCyBLEStack_BLE_SOC_PERIPHERAL.a(ll_connection.o)
                0x000032dc                is_le_connection_handle

i.le_assign_connection_handle
                0x00003304       0x28
 i.le_assign_connection_handle
                0x00003304       0x28 C:\Program Files (x86)\Cypress\PSoC Creator\3.3\PSoC Creator\psoc\content\cycomponentlibraryupdates\CyComponentLibraryUpdates.cylib\BLE_v2_30\Library\gccCyBLEStack_BLE_SOC_PERIPHERAL.a(ll_connection.o)
                0x00003304                le_assign_connection_handle

i.le_get_connection_index
                0x0000332c        0x6
 i.le_get_connection_index
                0x0000332c        0x6 C:\Program Files (x86)\Cypress\PSoC Creator\3.3\PSoC Creator\psoc\content\cycomponentlibraryupdates\CyComponentLibraryUpdates.cylib\BLE_v2_30\Library\gccCyBLEStack_BLE_SOC_PERIPHERAL.a(ll_connection.o)
                0x0000332c                le_get_connection_index

i.ll_allocate_connection
                0x00003334       0x44
 i.ll_allocate_connection
                0x00003334       0x44 C:\Program Files (x86)\Cypress\PSoC Creator\3.3\PSoC Creator\psoc\content\cycomponentlibraryupdates\CyComponentLibraryUpdates.cylib\BLE_v2_30\Library\gccCyBLEStack_BLE_SOC_PERIPHERAL.a(ll_connection.o)
                0x00003334                ll_allocate_connection

i.ll_calculate_and_program_def_win_widen_drift
                0x00003378       0x14
 i.ll_calculate_and_program_def_win_widen_drift
                0x00003378       0x14 C:\Program Files (x86)\Cypress\PSoC Creator\3.3\PSoC Creator\psoc\content\cycomponentlibraryupdates\CyComponentLibraryUpdates.cylib\BLE_v2_30\Library\gccCyBLEStack_BLE_SOC_PERIPHERAL.a(ll_connection.o)
                0x00003378                ll_calculate_and_program_def_win_widen_drift

i.ll_calculate_drift
                0x0000338c       0x2c
 i.ll_calculate_drift
                0x0000338c       0x2c C:\Program Files (x86)\Cypress\PSoC Creator\3.3\PSoC Creator\psoc\content\cycomponentlibraryupdates\CyComponentLibraryUpdates.cylib\BLE_v2_30\Library\gccCyBLEStack_BLE_SOC_PERIPHERAL.a(ll_connection.o)
                0x0000338c                ll_calculate_drift

i.ll_check_and_decrypt_ll_pdu
                0x000033b8       0x68
 i.ll_check_and_decrypt_ll_pdu
                0x000033b8       0x68 C:\Program Files (x86)\Cypress\PSoC Creator\3.3\PSoC Creator\psoc\content\cycomponentlibraryupdates\CyComponentLibraryUpdates.cylib\BLE_v2_30\Library\gccCyBLEStack_BLE_SOC_PERIPHERAL.a(ll_connection.o)
                0x000033b8                ll_check_and_decrypt_ll_pdu

i.ll_check_and_decrypt_packet
                0x00003420       0x6a
 i.ll_check_and_decrypt_packet
                0x00003420       0x6a C:\Program Files (x86)\Cypress\PSoC Creator\3.3\PSoC Creator\psoc\content\cycomponentlibraryupdates\CyComponentLibraryUpdates.cylib\BLE_v2_30\Library\gccCyBLEStack_BLE_SOC_PERIPHERAL.a(ll_connection.o)
                0x00003420                ll_check_and_decrypt_packet

i.ll_check_and_encrypt_ll_pdu
                0x0000348a       0x72
 i.ll_check_and_encrypt_ll_pdu
                0x0000348a       0x72 C:\Program Files (x86)\Cypress\PSoC Creator\3.3\PSoC Creator\psoc\content\cycomponentlibraryupdates\CyComponentLibraryUpdates.cylib\BLE_v2_30\Library\gccCyBLEStack_BLE_SOC_PERIPHERAL.a(ll_connection.o)
                0x0000348a                ll_check_and_encrypt_ll_pdu

i.ll_check_and_encrypt_packet
                0x000034fc       0x8a
 i.ll_check_and_encrypt_packet
                0x000034fc       0x8a C:\Program Files (x86)\Cypress\PSoC Creator\3.3\PSoC Creator\psoc\content\cycomponentlibraryupdates\CyComponentLibraryUpdates.cylib\BLE_v2_30\Library\gccCyBLEStack_BLE_SOC_PERIPHERAL.a(ll_connection.o)
                0x000034fc                ll_check_and_encrypt_packet

i.ll_check_for_allowing_incoming_connection_update
                0x00003586       0x42
 i.ll_check_for_allowing_incoming_connection_update
                0x00003586       0x42 C:\Program Files (x86)\Cypress\PSoC Creator\3.3\PSoC Creator\psoc\content\cycomponentlibraryupdates\CyComponentLibraryUpdates.cylib\BLE_v2_30\Library\gccCyBLEStack_BLE_SOC_PERIPHERAL.a(ll_connection.o)
                0x00003586                ll_check_for_allowing_incoming_connection_update

i.ll_check_if_pdu_is_loaded_to_hardware
                0x000035c8       0x1c
 i.ll_check_if_pdu_is_loaded_to_hardware
                0x000035c8       0x1c C:\Program Files (x86)\Cypress\PSoC Creator\3.3\PSoC Creator\psoc\content\cycomponentlibraryupdates\CyComponentLibraryUpdates.cylib\BLE_v2_30\Library\gccCyBLEStack_BLE_SOC_PERIPHERAL.a(ll_connection.o)
                0x000035c8                ll_check_if_pdu_is_loaded_to_hardware

i.ll_check_random_address_in_use_by_initiator
                0x000035e4       0x30
 i.ll_check_random_address_in_use_by_initiator
                0x000035e4       0x30 C:\Program Files (x86)\Cypress\PSoC Creator\3.3\PSoC Creator\psoc\content\cycomponentlibraryupdates\CyComponentLibraryUpdates.cylib\BLE_v2_30\Library\gccCyBLEStack_BLE_SOC_PERIPHERAL.a(ll_connection.o)
                0x000035e4                ll_check_random_address_in_use_by_initiator

i.ll_check_white_list_in_use_by_initiator
                0x00003614       0x30
 i.ll_check_white_list_in_use_by_initiator
                0x00003614       0x30 C:\Program Files (x86)\Cypress\PSoC Creator\3.3\PSoC Creator\psoc\content\cycomponentlibraryupdates\CyComponentLibraryUpdates.cylib\BLE_v2_30\Library\gccCyBLEStack_BLE_SOC_PERIPHERAL.a(ll_connection.o)
                0x00003614                ll_check_white_list_in_use_by_initiator

i.ll_conn_free_enc_txn_buffer
                0x00003644       0x16
 i.ll_conn_free_enc_txn_buffer
                0x00003644       0x16 C:\Program Files (x86)\Cypress\PSoC Creator\3.3\PSoC Creator\psoc\content\cycomponentlibraryupdates\CyComponentLibraryUpdates.cylib\BLE_v2_30\Library\gccCyBLEStack_BLE_SOC_PERIPHERAL.a(ll_connection.o)
                0x00003644                ll_conn_free_enc_txn_buffer

i.ll_conn_fsm_update_channel_state
                0x0000365a        0x6
 i.ll_conn_fsm_update_channel_state
                0x0000365a        0x6 C:\Program Files (x86)\Cypress\PSoC Creator\3.3\PSoC Creator\psoc\content\cycomponentlibraryupdates\CyComponentLibraryUpdates.cylib\BLE_v2_30\Library\gccCyBLEStack_BLE_SOC_PERIPHERAL.a(ll_connection.o)
                0x0000365a                ll_conn_fsm_update_channel_state

i.ll_conn_fsm_update_conn_update_state
                0x00003660        0x6
 i.ll_conn_fsm_update_conn_update_state
                0x00003660        0x6 C:\Program Files (x86)\Cypress\PSoC Creator\3.3\PSoC Creator\psoc\content\cycomponentlibraryupdates\CyComponentLibraryUpdates.cylib\BLE_v2_30\Library\gccCyBLEStack_BLE_SOC_PERIPHERAL.a(ll_connection.o)
                0x00003660                ll_conn_fsm_update_conn_update_state

i.ll_conn_fsm_update_enc_state
                0x00003666        0x6
 i.ll_conn_fsm_update_enc_state
                0x00003666        0x6 C:\Program Files (x86)\Cypress\PSoC Creator\3.3\PSoC Creator\psoc\content\cycomponentlibraryupdates\CyComponentLibraryUpdates.cylib\BLE_v2_30\Library\gccCyBLEStack_BLE_SOC_PERIPHERAL.a(ll_connection.o)
                0x00003666                ll_conn_fsm_update_enc_state

i.ll_conn_fsm_update_state
                0x0000366c        0x4
 i.ll_conn_fsm_update_state
                0x0000366c        0x4 C:\Program Files (x86)\Cypress\PSoC Creator\3.3\PSoC Creator\psoc\content\cycomponentlibraryupdates\CyComponentLibraryUpdates.cylib\BLE_v2_30\Library\gccCyBLEStack_BLE_SOC_PERIPHERAL.a(ll_connection.o)
                0x0000366c                ll_conn_fsm_update_state

i.ll_conn_handle_data_pdu_from_host_when_data_paused
                0x00003670        0x8
 i.ll_conn_handle_data_pdu_from_host_when_data_paused
                0x00003670        0x8 C:\Program Files (x86)\Cypress\PSoC Creator\3.3\PSoC Creator\psoc\content\cycomponentlibraryupdates\CyComponentLibraryUpdates.cylib\BLE_v2_30\Library\gccCyBLEStack_BLE_SOC_PERIPHERAL.a(ll_connection.o)
                0x00003670                ll_conn_handle_data_pdu_from_host_when_data_paused

i.ll_conn_handle_direct_adv_timeout
                0x00003678       0x2a
 i.ll_conn_handle_direct_adv_timeout
                0x00003678       0x2a C:\Program Files (x86)\Cypress\PSoC Creator\3.3\PSoC Creator\psoc\content\cycomponentlibraryupdates\CyComponentLibraryUpdates.cylib\BLE_v2_30\Library\gccCyBLEStack_BLE_SOC_PERIPHERAL.a(ll_connection.o)
                0x00003678                ll_conn_handle_direct_adv_timeout

i.ll_conn_handle_ping_timer_expired_interrupt
                0x000036a4       0x1c
 i.ll_conn_handle_ping_timer_expired_interrupt
                0x000036a4       0x1c C:\Program Files (x86)\Cypress\PSoC Creator\3.3\PSoC Creator\psoc\content\cycomponentlibraryupdates\CyComponentLibraryUpdates.cylib\BLE_v2_30\Library\gccCyBLEStack_BLE_SOC_PERIPHERAL.a(ll_connection.o)
                0x000036a4                ll_conn_handle_ping_timer_expired_interrupt

i.ll_conn_handle_ping_timer_nearly_expired_interrupt
                0x000036c0       0x20
 i.ll_conn_handle_ping_timer_nearly_expired_interrupt
                0x000036c0       0x20 C:\Program Files (x86)\Cypress\PSoC Creator\3.3\PSoC Creator\psoc\content\cycomponentlibraryupdates\CyComponentLibraryUpdates.cylib\BLE_v2_30\Library\gccCyBLEStack_BLE_SOC_PERIPHERAL.a(ll_connection.o)
                0x000036c0                ll_conn_handle_ping_timer_nearly_expired_interrupt

i.ll_conn_handle_stop_connectable_adv
                0x000036e0       0x12
 i.ll_conn_handle_stop_connectable_adv
                0x000036e0       0x12 C:\Program Files (x86)\Cypress\PSoC Creator\3.3\PSoC Creator\psoc\content\cycomponentlibraryupdates\CyComponentLibraryUpdates.cylib\BLE_v2_30\Library\gccCyBLEStack_BLE_SOC_PERIPHERAL.a(ll_connection.o)
                0x000036e0                ll_conn_handle_stop_connectable_adv

i.ll_conn_process_pending_transactions
                0x000036f2        0x4
 i.ll_conn_process_pending_transactions
                0x000036f2        0x4 C:\Program Files (x86)\Cypress\PSoC Creator\3.3\PSoC Creator\psoc\content\cycomponentlibraryupdates\CyComponentLibraryUpdates.cylib\BLE_v2_30\Library\gccCyBLEStack_BLE_SOC_PERIPHERAL.a(ll_connection.o)
                0x000036f2                ll_conn_process_pending_transactions

i.ll_conn_program_authenticated_payload_timer
                0x000036f8       0x50
 i.ll_conn_program_authenticated_payload_timer
                0x000036f8       0x50 C:\Program Files (x86)\Cypress\PSoC Creator\3.3\PSoC Creator\psoc\content\cycomponentlibraryupdates\CyComponentLibraryUpdates.cylib\BLE_v2_30\Library\gccCyBLEStack_BLE_SOC_PERIPHERAL.a(ll_connection.o)
                0x000036f8                ll_conn_program_authenticated_payload_timer

i.ll_conn_read_data_pdu_from_hardware
                0x00003748       0x14
 i.ll_conn_read_data_pdu_from_hardware
                0x00003748       0x14 C:\Program Files (x86)\Cypress\PSoC Creator\3.3\PSoC Creator\psoc\content\cycomponentlibraryupdates\CyComponentLibraryUpdates.cylib\BLE_v2_30\Library\gccCyBLEStack_BLE_SOC_PERIPHERAL.a(ll_connection.o)
                0x00003748                ll_conn_read_data_pdu_from_hardware

i.ll_conn_send_ping_req_pdu
                0x0000375c       0x40
 i.ll_conn_send_ping_req_pdu
                0x0000375c       0x40 C:\Program Files (x86)\Cypress\PSoC Creator\3.3\PSoC Creator\psoc\content\cycomponentlibraryupdates\CyComponentLibraryUpdates.cylib\BLE_v2_30\Library\gccCyBLEStack_BLE_SOC_PERIPHERAL.a(ll_connection.o)
                0x0000375c                ll_conn_send_ping_req_pdu

i.ll_conn_store_pending_tx_pdu
                0x0000379c       0x1a
 i.ll_conn_store_pending_tx_pdu
                0x0000379c       0x1a C:\Program Files (x86)\Cypress\PSoC Creator\3.3\PSoC Creator\psoc\content\cycomponentlibraryupdates\CyComponentLibraryUpdates.cylib\BLE_v2_30\Library\gccCyBLEStack_BLE_SOC_PERIPHERAL.a(ll_connection.o)
                0x0000379c                ll_conn_store_pending_tx_pdu

i.ll_conn_update_rssi
                0x000037b6       0x16
 i.ll_conn_update_rssi
                0x000037b6       0x16 C:\Program Files (x86)\Cypress\PSoC Creator\3.3\PSoC Creator\psoc\content\cycomponentlibraryupdates\CyComponentLibraryUpdates.cylib\BLE_v2_30\Library\gccCyBLEStack_BLE_SOC_PERIPHERAL.a(ll_connection.o)
                0x000037b6                ll_conn_update_rssi

i.ll_convert_hci_llid_to_ll_llid_host_to_controller
                0x000037cc        0x8
 i.ll_convert_hci_llid_to_ll_llid_host_to_controller